Jan 16 13:11:41 Camilli-VirtualBox rsyslogd: [origin software="rsyslogd" swVersion="8.16.0" x-pid="789" x-info="http://www.rsyslog.com"] rsyslogd was HUPed
Jan 16 13:11:45 Camilli-VirtualBox anacron[790]: Job `cron.daily' terminated
Jan 16 13:11:45 Camilli-VirtualBox anacron[790]: Normal exit (1 job run)
Jan 16 13:17:01 Camilli-VirtualBox CRON[2653]: (root) CMD (   cd / && run-parts --report /etc/cron.hourly)
Jan 16 13:18:51 Camilli-VirtualBox AptDaemon: INFO: Quitting due to inactivity
Jan 16 13:18:51 Camilli-VirtualBox org.debian.apt[793]: 13:18:51 AptDaemon [INFO]: Quitting due to inactivity
Jan 16 13:18:51 Camilli-VirtualBox org.debian.apt[793]: 13:18:51 AptDaemon [INFO]: Quitting was requested
Jan 16 13:18:51 Camilli-VirtualBox AptDaemon: INFO: Quitting was requested
Jan 16 13:21:50 Camilli-VirtualBox systemd[1]: Starting Cleanup of Temporary Directories...
Jan 16 13:21:50 Camilli-VirtualBox systemd-tmpfiles[2676]: [/usr/lib/tmpfiles.d/var.conf:14] Duplicate line for path "/var/log", ignoring.
Jan 16 13:21:50 Camilli-VirtualBox systemd[1]: Started Cleanup of Temporary Directories.
Jan 16 14:06:47 Camilli-VirtualBox org.gnome.evolution.dataserver.Sources5[1421]: ** (evolution-source-registry:1740): WARNING **: secret_service_search_sync: must specify at least one attribute to match
Jan 16 14:17:01 Camilli-VirtualBox CRON[2926]: (root) CMD (   cd / && run-parts --report /etc/cron.hourly)
Jan 16 15:17:01 Camilli-VirtualBox CRON[3183]: (root) CMD (   cd / && run-parts --report /etc/cron.hourly)
Jan 16 15:41:00 Camilli-VirtualBox com.canonical.Unity.Scope.Applications[1421]: Error loading package indexes: Couldn't stat '/var/cache/software-center/xapian'
Jan 16 15:41:00 Camilli-VirtualBox com.canonical.Unity.Scope.Applications[1421]: (unity-scope-loader:6205): unity-applications-daemon-CRITICAL **: daemon.vala:144: Failed to load Software Center index. 'Apps Available for Download' will not be listed
Jan 16 15:41:44 Camilli-VirtualBox dbus[793]: [system] Activating via systemd: service name='org.freedesktop.hostname1' unit='dbus-org.freedesktop.hostname1.service'
Jan 16 15:41:44 Camilli-VirtualBox systemd[1]: Starting Hostname Service...
Jan 16 15:41:44 Camilli-VirtualBox dbus[793]: [system] Successfully activated service 'org.freedesktop.hostname1'
Jan 16 15:41:44 Camilli-VirtualBox systemd[1]: Started Hostname Service.
Jan 16 15:41:44 Camilli-VirtualBox gnome-session[1611]: Nautilus-Share-Message: Called "net usershare info" but it failed: Failed to execute child process "net" (No such file or directory)
Jan 16 15:41:47 Camilli-VirtualBox org.gtk.vfs.Daemon[1421]: ** (gvfsd:1511): WARNING **: dbus_mount_reply: Error from org.gtk.vfs.Mountable.mount(): Failed to retrieve share list from server: Connection refused
Jan 16 15:41:47 Camilli-VirtualBox org.gtk.vfs.Daemon[1421]: ** (process:6351): WARNING **: Couldn't create directory monitor on smb://x-gnome-default-workgroup/. Error: The specified location is not mounted
Jan 16 15:41:50 Camilli-VirtualBox org.gtk.vfs.Daemon[1421]: ** (gvfsd:1511): WARNING **: dbus_mount_reply: Error from org.gtk.vfs.Mountable.mount(): Failed to retrieve share list from server: Connection refused
Jan 16 15:41:50 Camilli-VirtualBox org.gtk.vfs.Daemon[1421]: ** (process:6366): WARNING **: Couldn't create directory monitor on smb://x-gnome-default-workgroup/. Error: The specified location is not mounted
Jan 16 15:42:00 Camilli-VirtualBox gnome-session[1611]: ** (zeitgeist-datahub:2048): WARNING **: zeitgeist-datahub.vala:212: Error during inserting events: GDBus.Error:org.gnome.zeitgeist.EngineError.InvalidArgument: Incomplete event: interpretation, manifestation and actor are required
Jan 16 15:42:19 Camilli-VirtualBox gnome-session[1611]: message repeated 7 times: [ ** (zeitgeist-datahub:2048): WARNING **: zeitgeist-datahub.vala:212: Error during inserting events: GDBus.Error:org.gnome.zeitgeist.EngineError.InvalidArgument: Incomplete event: interpretation, manifestation and actor are required]
Jan 16 15:42:23 Camilli-VirtualBox dbus[793]: [system] Activating via systemd: service name='org.freedesktop.hostname1' unit='dbus-org.freedesktop.hostname1.service'
Jan 16 15:42:23 Camilli-VirtualBox systemd[1]: Starting Hostname Service...
Jan 16 15:42:23 Camilli-VirtualBox dbus[793]: [system] Successfully activated service 'org.freedesktop.hostname1'
Jan 16 15:42:23 Camilli-VirtualBox systemd[1]: Started Hostname Service.
Jan 16 15:42:53 Camilli-VirtualBox gnome-session[1611]: ** (zeitgeist-datahub:2048): WARNING **: zeitgeist-datahub.vala:212: Error during inserting events: GDBus.Error:org.gnome.zeitgeist.EngineError.InvalidArgument: Incomplete event: interpretation, manifestation and actor are required
Jan 16 15:44:48 Camilli-VirtualBox gnome-session[1611]: (gnome-software:1820): As-WARNING **: failed to rescan: Failed to parse /usr/share/applications/emacs24.desktop file: cannot process file of type application/x-desktop
Jan 16 15:44:48 Camilli-VirtualBox gnome-session[1611]: (gnome-software:1820): As-WARNING **: failed to rescan: Failed to parse /usr/share/applications/emacs24-term.desktop file: cannot process file of type application/x-desktop
Jan 16 15:44:52 Camilli-VirtualBox gnome-session[1611]: (gnome-software:1820): As-WARNING **: failed to rescan: Failed to parse /usr/share/applications/bamf-2.index.new file: cannot process file of type text/plain
Jan 16 15:44:52 Camilli-VirtualBox gnome-session[1611]: (gnome-software:1820): As-WARNING **: failed to rescan: Failed to parse /usr/share/applications/bamf-2.index file: cannot process file of type text/plain
Jan 16 15:44:52 Camilli-VirtualBox gnome-session[1611]: (gnome-software:1820): Gs-WARNING **: failed to get updates: no results to show
Jan 16 15:45:13 Camilli-VirtualBox gnome-session[1611]: (gnome-software:1820): As-WARNING **: failed to rescan: Failed to parse /home/aocamilli/.local/share/applications/emacs24.desktop file: cannot process file of type application/x-desktop
Jan 16 15:45:52 Camilli-VirtualBox gnome-session[1611]: ** (zeitgeist-datahub:2048): WARNING **: zeitgeist-datahub.vala:212: Error during inserting events: GDBus.Error:org.gnome.zeitgeist.EngineError.InvalidArgument: Incomplete event: interpretation, manifestation and actor are required
Jan 16 15:45:52 Camilli-VirtualBox gnome-session[1611]: ** (zeitgeist-datahub:2048): WARNING **: zeitgeist-datahub.vala:212: Error during inserting events: GDBus.Error:org.gnome.zeitgeist.EngineError.InvalidArgument: Incomplete event: interpretation, manifestation and actor are required
Jan 16 15:46:13 Camilli-VirtualBox dbus[793]: [system] Activating via systemd: service name='org.freedesktop.hostname1' unit='dbus-org.freedesktop.hostname1.service'
Jan 16 15:46:13 Camilli-VirtualBox systemd[1]: Starting Hostname Service...
Jan 16 15:46:13 Camilli-VirtualBox dbus[793]: [system] Successfully activated service 'org.freedesktop.hostname1'
Jan 16 15:46:13 Camilli-VirtualBox systemd[1]: Started Hostname Service.
Jan 16 15:46:30 Camilli-VirtualBox org.gnome.zeitgeist.SimpleIndexer[1421]: ** (zeitgeist-fts:2067): WARNING **: Unable to get info on application://nautilus-autostart.desktop
Jan 16 15:49:05 Camilli-VirtualBox dbus[793]: [system] Activating via systemd: service name='org.freedesktop.hostname1' unit='dbus-org.freedesktop.hostname1.service'
Jan 16 15:49:05 Camilli-VirtualBox systemd[1]: Starting Hostname Service...
Jan 16 15:49:05 Camilli-VirtualBox dbus[793]: [system] Successfully activated service 'org.freedesktop.hostname1'
Jan 16 15:49:05 Camilli-VirtualBox systemd[1]: Started Hostname Service.
Jan 16 15:50:31 Camilli-VirtualBox dbus[793]: [system] Activating via systemd: service name='org.freedesktop.hostname1' unit='dbus-org.freedesktop.hostname1.service'
Jan 16 15:50:31 Camilli-VirtualBox systemd[1]: Starting Hostname Service...
Jan 16 15:50:31 Camilli-VirtualBox dbus[793]: [system] Successfully activated service 'org.freedesktop.hostname1'
Jan 16 15:50:31 Camilli-VirtualBox systemd[1]: Started Hostname Service.
Jan 16 15:51:19 Camilli-VirtualBox dbus[793]: [system] Activating via systemd: service name='org.freedesktop.hostname1' unit='dbus-org.freedesktop.hostname1.service'
Jan 16 15:51:19 Camilli-VirtualBox systemd[1]: Starting Hostname Service...
Jan 16 15:51:19 Camilli-VirtualBox dbus[793]: [system] Successfully activated service 'org.freedesktop.hostname1'
Jan 16 15:51:19 Camilli-VirtualBox systemd[1]: Started Hostname Service.
Jan 16 15:51:24 Camilli-VirtualBox org.gnome.zeitgeist.SimpleIndexer[1421]: ** (zeitgeist-fts:2067): WARNING **: Unable to get info on application://nautilus-autostart.desktop
Jan 16 15:52:19 Camilli-VirtualBox dbus[793]: [system] Activating via systemd: service name='org.freedesktop.hostname1' unit='dbus-org.freedesktop.hostname1.service'
Jan 16 15:52:19 Camilli-VirtualBox systemd[1]: Starting Hostname Service...
Jan 16 15:52:19 Camilli-VirtualBox dbus[793]: [system] Successfully activated service 'org.freedesktop.hostname1'
Jan 16 15:52:19 Camilli-VirtualBox systemd[1]: Started Hostname Service.
Jan 16 15:53:23 Camilli-VirtualBox dbus[793]: [system] Activating via systemd: service name='org.freedesktop.hostname1' unit='dbus-org.freedesktop.hostname1.service'
Jan 16 15:53:23 Camilli-VirtualBox systemd[1]: Starting Hostname Service...
Jan 16 15:53:23 Camilli-VirtualBox dbus[793]: [system] Successfully activated service 'org.freedesktop.hostname1'
Jan 16 15:53:23 Camilli-VirtualBox systemd[1]: Started Hostname Service.
Jan 16 15:55:04 Camilli-VirtualBox kernel: [10114.413646] hello: module license 'unspecified' taints kernel.
Jan 16 15:55:04 Camilli-VirtualBox kernel: [10114.413649] Disabling lock debugging due to kernel taint
Jan 16 15:55:04 Camilli-VirtualBox kernel: [10114.413694] hello: module verification failed: signature and/or required key missing - tainting kernel
Jan 16 15:55:04 Camilli-VirtualBox kernel: [10114.413950] Hello World!
Jan 16 15:56:14 Camilli-VirtualBox kernel: [10184.854564] Cleaning up module.
Jan 16 16:01:38 Camilli-VirtualBox dbus[793]: [system] Activating via systemd: service name='org.freedesktop.hostname1' unit='dbus-org.freedesktop.hostname1.service'
Jan 16 16:01:38 Camilli-VirtualBox systemd[1]: Starting Hostname Service...
Jan 16 16:01:38 Camilli-VirtualBox dbus[793]: [system] Successfully activated service 'org.freedesktop.hostname1'
Jan 16 16:01:38 Camilli-VirtualBox systemd[1]: Started Hostname Service.
Jan 16 16:01:46 Camilli-VirtualBox gnome-session[1611]: Nautilus-Share-Message: Called "net usershare info" but it failed: Failed to execute child process "net" (No such file or directory)
Jan 16 16:02:59 Camilli-VirtualBox gnome-session[1611]: Nautilus-Share-Message: Called "net usershare info" but it failed: Failed to execute child process "net" (No such file or directory)
Jan 16 16:03:23 Camilli-VirtualBox dbus[793]: [system] Activating via systemd: service name='org.freedesktop.hostname1' unit='dbus-org.freedesktop.hostname1.service'
Jan 16 16:03:23 Camilli-VirtualBox systemd[1]: Starting Hostname Service...
Jan 16 16:03:23 Camilli-VirtualBox dbus[793]: [system] Successfully activated service 'org.freedesktop.hostname1'
Jan 16 16:03:23 Camilli-VirtualBox systemd[1]: Started Hostname Service.
Jan 16 16:04:44 Camilli-VirtualBox dbus[793]: [system] Activating via systemd: service name='org.freedesktop.hostname1' unit='dbus-org.freedesktop.hostname1.service'
Jan 16 16:04:44 Camilli-VirtualBox systemd[1]: Starting Hostname Service...
Jan 16 16:04:44 Camilli-VirtualBox dbus[793]: [system] Successfully activated service 'org.freedesktop.hostname1'
Jan 16 16:04:44 Camilli-VirtualBox systemd[1]: Started Hostname Service.
Jan 16 16:17:01 Camilli-VirtualBox CRON[14623]: (root) CMD (   cd / && run-parts --report /etc/cron.hourly)
Jan 16 16:21:39 Camilli-VirtualBox gnome-session[1611]: Nautilus-Share-Message: Called "net usershare info" but it failed: Failed to execute child process "net" (No such file or directory)
Jan 16 16:22:05 Camilli-VirtualBox org.gnome.zeitgeist.SimpleIndexer[1421]: ** (zeitgeist-fts:2067): WARNING **: Unable to get info on application://nautilus-autostart.desktop
Jan 16 16:27:08 Camilli-VirtualBox org.gnome.zeitgeist.SimpleIndexer[1421]: message repeated 3 times: [ ** (zeitgeist-fts:2067): WARNING **: Unable to get info on application://nautilus-autostart.desktop]
Jan 16 16:27:51 Camilli-VirtualBox dbus[793]: [system] Activating via systemd: service name='org.freedesktop.hostname1' unit='dbus-org.freedesktop.hostname1.service'
Jan 16 16:27:51 Camilli-VirtualBox systemd[1]: Starting Hostname Service...
Jan 16 16:27:51 Camilli-VirtualBox dbus[793]: [system] Successfully activated service 'org.freedesktop.hostname1'
Jan 16 16:27:51 Camilli-VirtualBox systemd[1]: Started Hostname Service.
Jan 16 16:29:37 Camilli-VirtualBox gnome-session[1611]: (nautilus:1813): Gtk-WARNING **: Attempting to read the recently used resources file at '/home/aocamilli/.local/share/recently-used.xbel', but the parser failed: Failed to open file '/home/aocamilli/.local/share/recently-used.xbel': Permission denied.
Jan 16 16:29:37 Camilli-VirtualBox gnome-session[1611]: (zeitgeist-datahub:2048): Gtk-WARNING **: Attempting to read the recently used resources file at '/home/aocamilli/.local/share/recently-used.xbel', but the parser failed: Failed to open file '/home/aocamilli/.local/share/recently-used.xbel': Permission denied.
Jan 16 16:34:16 Camilli-VirtualBox gnome-session[1611]: (zeitgeist-datahub:2048): Gtk-WARNING **: Attempting to read the recently used resources file at '/home/aocamilli/.local/share/recently-used.xbel', but the parser failed: Failed to open file '/home/aocamilli/.local/share/recently-used.xbel': Permission denied.
Jan 16 16:34:16 Camilli-VirtualBox gnome-session[1611]: (nautilus:1813): Gtk-WARNING **: Attempting to read the recently used resources file at '/home/aocamilli/.local/share/recently-used.xbel', but the parser failed: Failed to open file '/home/aocamilli/.local/share/recently-used.xbel': Permission denied.
Jan 16 16:34:26 Camilli-VirtualBox gnome-session[1611]: (zeitgeist-datahub:2048): Gtk-WARNING **: Attempting to read the recently used resources file at '/home/aocamilli/.local/share/recently-used.xbel', but the parser failed: Failed to open file '/home/aocamilli/.local/share/recently-used.xbel': Permission denied.
Jan 16 16:34:26 Camilli-VirtualBox gnome-session[1611]: (nautilus:1813): Gtk-WARNING **: Attempting to read the recently used resources file at '/home/aocamilli/.local/share/recently-used.xbel', but the parser failed: Failed to open file '/home/aocamilli/.local/share/recently-used.xbel': Permission denied.
Jan 16 16:35:39 Camilli-VirtualBox gnome-session[1611]: (zeitgeist-datahub:2048): Gtk-WARNING **: Attempting to read the recently used resources file at '/home/aocamilli/.local/share/recently-used.xbel', but the parser failed: Failed to open file '/home/aocamilli/.local/share/recently-used.xbel': Permission denied.
Jan 16 16:35:39 Camilli-VirtualBox gnome-session[1611]: (nautilus:1813): Gtk-WARNING **: Attempting to read the recently used resources file at '/home/aocamilli/.local/share/recently-used.xbel', but the parser failed: Failed to open file '/home/aocamilli/.local/share/recently-used.xbel': Permission denied.
Jan 16 16:35:43 Camilli-VirtualBox org.gnome.zeitgeist.SimpleIndexer[1421]: ** (zeitgeist-fts:2067): WARNING **: Unable to get info on application://nautilus-autostart.desktop
Jan 16 16:35:44 Camilli-VirtualBox gnome-session[1611]: (gedit:14867): Gtk-WARNING **: Attempting to read the recently used resources file at '/home/aocamilli/.local/share/recently-used.xbel', but the parser failed: Failed to open file '/home/aocamilli/.local/share/recently-used.xbel': Permission denied.
Jan 16 16:36:45 Camilli-VirtualBox gnome-session[1611]: (zeitgeist-datahub:2048): Gtk-WARNING **: Attempting to read the recently used resources file at '/home/aocamilli/.local/share/recently-used.xbel', but the parser failed: Failed to open file '/home/aocamilli/.local/share/recently-used.xbel': Permission denied.
Jan 16 16:36:45 Camilli-VirtualBox gnome-session[1611]: (nautilus:1813): Gtk-WARNING **: Attempting to read the recently used resources file at '/home/aocamilli/.local/share/recently-used.xbel', but the parser failed: Failed to open file '/home/aocamilli/.local/share/recently-used.xbel': Permission denied.
Jan 16 16:37:55 Camilli-VirtualBox gnome-session[1611]: Nautilus-Share-Message: Called "net usershare info" but it failed: Failed to execute child process "net" (No such file or directory)
Jan 16 16:38:14 Camilli-VirtualBox org.gnome.zeitgeist.SimpleIndexer[1421]: ** (zeitgeist-fts:2067): WARNING **: Unable to get info on application://nautilus-autostart.desktop
Jan 16 16:38:14 Camilli-VirtualBox gnome-session[1611]: (gedit:14982): Gtk-WARNING **: Attempting to read the recently used resources file at '/home/aocamilli/.local/share/recently-used.xbel', but the parser failed: Failed to open file '/home/aocamilli/.local/share/recently-used.xbel': Permission denied.
Jan 16 16:40:33 Camilli-VirtualBox org.gnome.zeitgeist.SimpleIndexer[1421]: ** (zeitgeist-fts:2067): WARNING **: Unable to get info on application://nautilus-autostart.desktop
Jan 16 16:43:57 Camilli-VirtualBox gnome-session[1611]: (zeitgeist-datahub:2048): Gtk-WARNING **: Attempting to read the recently used resources file at '/home/aocamilli/.local/share/recently-used.xbel', but the parser failed: Failed to open file '/home/aocamilli/.local/share/recently-used.xbel': Permission denied.
Jan 16 16:43:57 Camilli-VirtualBox gnome-session[1611]: (nautilus:1813): Gtk-WARNING **: Attempting to read the recently used resources file at '/home/aocamilli/.local/share/recently-used.xbel', but the parser failed: Failed to open file '/home/aocamilli/.local/share/recently-used.xbel': Permission denied.
Jan 16 16:45:44 Camilli-VirtualBox gnome-session[1611]: Gtk-Message: GtkDialog mapped without a transient parent. This is discouraged.
Jan 16 16:46:56 Camilli-VirtualBox gnome-session[1611]: (zeitgeist-datahub:2048): Gtk-WARNING **: Attempting to read the recently used resources file at '/home/aocamilli/.local/share/recently-used.xbel', but the parser failed: Failed to open file '/home/aocamilli/.local/share/recently-used.xbel': Permission denied.
Jan 16 16:46:56 Camilli-VirtualBox gnome-session[1611]: (nautilus:1813): Gtk-WARNING **: Attempting to read the recently used resources file at '/home/aocamilli/.local/share/recently-used.xbel', but the parser failed: Failed to open file '/home/aocamilli/.local/share/recently-used.xbel': Permission denied.
Jan 16 16:49:03 Camilli-VirtualBox dbus[793]: [system] Activating via systemd: service name='org.freedesktop.hostname1' unit='dbus-org.freedesktop.hostname1.service'
Jan 16 16:49:03 Camilli-VirtualBox systemd[1]: Starting Hostname Service...
Jan 16 16:49:03 Camilli-VirtualBox dbus[793]: [system] Successfully activated service 'org.freedesktop.hostname1'
Jan 16 16:49:03 Camilli-VirtualBox systemd[1]: Started Hostname Service.
Jan 16 16:49:07 Camilli-VirtualBox org.gtk.vfs.Daemon[1421]: (gvfsd-recent:15114): Gtk-WARNING **: Attempting to read the recently used resources file at '/home/aocamilli/.local/share/recently-used.xbel', but the parser failed: Failed to open file '/home/aocamilli/.local/share/recently-used.xbel': Permission denied.
Jan 16 16:49:21 Camilli-VirtualBox gnome-session[1611]: Nautilus-Share-Message: Called "net usershare info" but it failed: Failed to execute child process "net" (No such file or directory)
Jan 16 16:49:43 Camilli-VirtualBox org.gnome.zeitgeist.SimpleIndexer[1421]: ** (zeitgeist-fts:2067): WARNING **: Unable to get info on application://nautilus-autostart.desktop
Jan 16 16:49:43 Camilli-VirtualBox gnome-session[1611]: (gedit:15141): Gtk-WARNING **: Attempting to read the recently used resources file at '/home/aocamilli/.local/share/recently-used.xbel', but the parser failed: Failed to open file '/home/aocamilli/.local/share/recently-used.xbel': Permission denied.
Jan 16 16:51:07 Camilli-VirtualBox gnome-session[1611]: (zeitgeist-datahub:2048): Gtk-WARNING **: Attempting to read the recently used resources file at '/home/aocamilli/.local/share/recently-used.xbel', but the parser failed: Failed to open file '/home/aocamilli/.local/share/recently-used.xbel': Permission denied.
Jan 16 16:51:07 Camilli-VirtualBox org.gtk.vfs.Daemon[1421]: (gvfsd-recent:15114): Gtk-WARNING **: Attempting to read the recently used resources file at '/home/aocamilli/.local/share/recently-used.xbel', but the parser failed: Failed to open file '/home/aocamilli/.local/share/recently-used.xbel': Permission denied.
Jan 16 16:51:07 Camilli-VirtualBox gnome-session[1611]: (gedit:15141): Gtk-WARNING **: Attempting to read the recently used resources file at '/home/aocamilli/.local/share/recently-used.xbel', but the parser failed: Failed to open file '/home/aocamilli/.local/share/recently-used.xbel': Permission denied.
Jan 16 16:51:07 Camilli-VirtualBox gnome-session[1611]: (nautilus:1813): Gtk-WARNING **: Attempting to read the recently used resources file at '/home/aocamilli/.local/share/recently-used.xbel', but the parser failed: Failed to open file '/home/aocamilli/.local/share/recently-used.xbel': Permission denied.
Jan 16 16:51:36 Camilli-VirtualBox gnome-session[1611]: (zeitgeist-datahub:2048): Gtk-WARNING **: Attempting to read the recently used resources file at '/home/aocamilli/.local/share/recently-used.xbel', but the parser failed: Failed to open file '/home/aocamilli/.local/share/recently-used.xbel': Permission denied.
Jan 16 16:51:36 Camilli-VirtualBox org.gtk.vfs.Daemon[1421]: (gvfsd-recent:15114): Gtk-WARNING **: Attempting to read the recently used resources file at '/home/aocamilli/.local/share/recently-used.xbel', but the parser failed: Failed to open file '/home/aocamilli/.local/share/recently-used.xbel': Permission denied.
Jan 16 16:51:36 Camilli-VirtualBox gnome-session[1611]: (nautilus:1813): Gtk-WARNING **: Attempting to read the recently used resources file at '/home/aocamilli/.local/share/recently-used.xbel', but the parser failed: Failed to open file '/home/aocamilli/.local/share/recently-used.xbel': Permission denied.
Jan 16 16:51:40 Camilli-VirtualBox gnome-session[1611]: (nautilus:1813): Gtk-WARNING **: Attempting to read the recently used resources file at '/home/aocamilli/.local/share/recently-used.xbel', but the parser failed: Failed to open file '/home/aocamilli/.local/share/recently-used.xbel': Permission denied.
Jan 16 16:51:40 Camilli-VirtualBox gnome-session[1611]: (zeitgeist-datahub:2048): Gtk-WARNING **: Attempting to read the recently used resources file at '/home/aocamilli/.local/share/recently-used.xbel', but the parser failed: Failed to open file '/home/aocamilli/.local/share/recently-used.xbel': Permission denied.
Jan 16 16:51:40 Camilli-VirtualBox org.gtk.vfs.Daemon[1421]: (gvfsd-recent:15114): Gtk-WARNING **: Attempting to read the recently used resources file at '/home/aocamilli/.local/share/recently-used.xbel', but the parser failed: Failed to open file '/home/aocamilli/.local/share/recently-used.xbel': Permission denied.
Jan 16 16:51:43 Camilli-VirtualBox org.gnome.zeitgeist.SimpleIndexer[1421]: ** (zeitgeist-fts:2067): WARNING **: Unable to get info on application://nautilus-autostart.desktop
Jan 16 16:51:43 Camilli-VirtualBox gnome-session[1611]: (gedit:15171): Gtk-WARNING **: Attempting to read the recently used resources file at '/home/aocamilli/.local/share/recently-used.xbel', but the parser failed: Failed to open file '/home/aocamilli/.local/share/recently-used.xbel': Permission denied.
Jan 16 16:52:24 Camilli-VirtualBox gnome-session[1611]: (zeitgeist-datahub:2048): Gtk-WARNING **: Attempting to read the recently used resources file at '/home/aocamilli/.local/share/recently-used.xbel', but the parser failed: Failed to open file '/home/aocamilli/.local/share/recently-used.xbel': Permission denied.
Jan 16 16:52:24 Camilli-VirtualBox org.gtk.vfs.Daemon[1421]: (gvfsd-recent:15114): Gtk-WARNING **: Attempting to read the recently used resources file at '/home/aocamilli/.local/share/recently-used.xbel', but the parser failed: Failed to open file '/home/aocamilli/.local/share/recently-used.xbel': Permission denied.
Jan 16 16:52:24 Camilli-VirtualBox gnome-session[1611]: (nautilus:1813): Gtk-WARNING **: Attempting to read the recently used resources file at '/home/aocamilli/.local/share/recently-used.xbel', but the parser failed: Failed to open file '/home/aocamilli/.local/share/recently-used.xbel': Permission denied.
Jan 16 16:53:12 Camilli-VirtualBox gnome-session[1611]: (nautilus:1813): Gtk-WARNING **: Attempting to read the recently used resources file at '/home/aocamilli/.local/share/recently-used.xbel', but the parser failed: Failed to open file '/home/aocamilli/.local/share/recently-used.xbel': Permission denied.
Jan 16 16:53:12 Camilli-VirtualBox org.gtk.vfs.Daemon[1421]: (gvfsd-recent:15114): Gtk-WARNING **: Attempting to read the recently used resources file at '/home/aocamilli/.local/share/recently-used.xbel', but the parser failed: Failed to open file '/home/aocamilli/.local/share/recently-used.xbel': Permission denied.
Jan 16 16:53:12 Camilli-VirtualBox gnome-session[1611]: (zeitgeist-datahub:2048): Gtk-WARNING **: Attempting to read the recently used resources file at '/home/aocamilli/.local/share/recently-used.xbel', but the parser failed: Failed to open file '/home/aocamilli/.local/share/recently-used.xbel': Permission denied.
Jan 16 16:53:15 Camilli-VirtualBox gnome-session[1611]: (zeitgeist-datahub:2048): Gtk-WARNING **: Attempting to read the recently used resources file at '/home/aocamilli/.local/share/recently-used.xbel', but the parser failed: Failed to open file '/home/aocamilli/.local/share/recently-used.xbel': Permission denied.
Jan 16 16:53:15 Camilli-VirtualBox org.gtk.vfs.Daemon[1421]: (gvfsd-recent:15114): Gtk-WARNING **: Attempting to read the recently used resources file at '/home/aocamilli/.local/share/recently-used.xbel', but the parser failed: Failed to open file '/home/aocamilli/.local/share/recently-used.xbel': Permission denied.
Jan 16 16:53:15 Camilli-VirtualBox gnome-session[1611]: (nautilus:1813): Gtk-WARNING **: Attempting to read the recently used resources file at '/home/aocamilli/.local/share/recently-used.xbel', but the parser failed: Failed to open file '/home/aocamilli/.local/share/recently-used.xbel': Permission denied.
Jan 16 17:17:01 Camilli-VirtualBox CRON[4112]: (root) CMD (   cd / && run-parts --report /etc/cron.hourly)
Jan 16 18:17:01 Camilli-VirtualBox CRON[19287]: (root) CMD (   cd / && run-parts --report /etc/cron.hourly)
Jan 16 18:24:01 Camilli-VirtualBox CRON[27777]: (root) CMD (   test -x /etc/cron.daily/popularity-contest && /etc/cron.daily/popularity-contest --crond)
Jan 16 19:07:50 Camilli-VirtualBox systemd[1]: snapd.refresh.timer: Adding 5h 30min 16.789150s random time.
Jan 16 19:17:01 Camilli-VirtualBox CRON[15064]: (root) CMD (   cd / && run-parts --report /etc/cron.hourly)
Jan 16 20:17:01 Camilli-VirtualBox CRON[13921]: (root) CMD (   cd / && run-parts --report /etc/cron.hourly)
Jan 16 21:17:01 Camilli-VirtualBox CRON[14177]: (root) CMD (   cd / && run-parts --report /etc/cron.hourly)
Jan 16 22:11:54 Camilli-VirtualBox dhclient[1006]: DHCPREQUEST of 10.0.2.15 on enp0s3 to 10.0.2.2 port 67 (xid=0x2b0b7feb)
Jan 16 22:11:54 Camilli-VirtualBox dhclient[1006]: DHCPACK of 10.0.2.15 from 10.0.2.2
Jan 16 22:11:54 Camilli-VirtualBox dhclient[1006]: suspect value in Ubuntu (32-bit).pxe option - discarded
Jan 16 22:11:54 Camilli-VirtualBox dhclient[1006]: suspect value in Ubuntu (32-bit).pxe option - discarded
Jan 16 22:11:54 Camilli-VirtualBox dhclient[1006]: bound to 10.0.2.15 -- renewal in 41722 seconds.
Jan 16 22:11:54 Camilli-VirtualBox NetworkManager[883]: <info>  [1484622714.4015]   address 10.0.2.15
Jan 16 22:11:54 Camilli-VirtualBox NetworkManager[883]: <info>  [1484622714.4034]   plen 24 (255.255.255.0)
Jan 16 22:11:54 Camilli-VirtualBox NetworkManager[883]: <info>  [1484622714.4035]   gateway 10.0.2.2
Jan 16 22:11:54 Camilli-VirtualBox NetworkManager[883]: <info>  [1484622714.4038]   server identifier 10.0.2.2
Jan 16 22:11:54 Camilli-VirtualBox NetworkManager[883]: <info>  [1484622714.4038]   lease time 86400
Jan 16 22:11:54 Camilli-VirtualBox NetworkManager[883]: <info>  [1484622714.4038]   nameserver '130.215.41.1'
Jan 16 22:11:54 Camilli-VirtualBox NetworkManager[883]: <info>  [1484622714.4038]   nameserver '130.215.41.2'
Jan 16 22:11:54 Camilli-VirtualBox NetworkManager[883]: <info>  [1484622714.4039]   nameserver '130.215.41.3'
Jan 16 22:11:54 Camilli-VirtualBox NetworkManager[883]: <info>  [1484622714.4039]   domain name 'wifi.wpi.edu'
Jan 16 22:11:54 Camilli-VirtualBox NetworkManager[883]: <info>  [1484622714.4051] dhcp4 (enp0s3): state changed bound -> bound
Jan 16 22:11:54 Camilli-VirtualBox dbus[793]: [system] Activating via systemd: service name='org.freedesktop.nm_dispatcher' unit='dbus-org.freedesktop.nm-dispatcher.service'
Jan 16 22:11:54 Camilli-VirtualBox systemd[1]: Starting Network Manager Script Dispatcher Service...
Jan 16 22:11:54 Camilli-VirtualBox dbus[793]: [system] Successfully activated service 'org.freedesktop.nm_dispatcher'
Jan 16 22:11:54 Camilli-VirtualBox systemd[1]: Started Network Manager Script Dispatcher Service.
Jan 16 22:11:54 Camilli-VirtualBox nm-dispatcher: req:1 'dhcp4-change' [enp0s3]: new request (1 scripts)
Jan 16 22:11:54 Camilli-VirtualBox nm-dispatcher: req:1 'dhcp4-change' [enp0s3]: start running ordered scripts...
Jan 16 22:17:01 Camilli-VirtualBox CRON[14445]: (root) CMD (   cd / && run-parts --report /etc/cron.hourly)
Jan 16 22:51:50 Camilli-VirtualBox systemd[1]: Starting Daily apt activities...
Jan 16 22:51:50 Camilli-VirtualBox systemd[1]: Started Daily apt activities.
Jan 16 22:51:50 Camilli-VirtualBox systemd[1]: apt-daily.timer: Adding 2h 31min 10.860701s random time.
Jan 16 22:51:50 Camilli-VirtualBox systemd[1]: apt-daily.timer: Adding 4h 16min 25.728499s random time.
Jan 16 23:17:01 Camilli-VirtualBox CRON[14773]: (root) CMD (   cd / && run-parts --report /etc/cron.hourly)
Jan 16 23:43:49 Camilli-VirtualBox dbus[793]: [system] Activating via systemd: service name='org.freedesktop.hostname1' unit='dbus-org.freedesktop.hostname1.service'
Jan 16 23:43:49 Camilli-VirtualBox systemd[1]: Starting Hostname Service...
Jan 16 23:43:49 Camilli-VirtualBox dbus[793]: [system] Successfully activated service 'org.freedesktop.hostname1'
Jan 16 23:43:49 Camilli-VirtualBox systemd[1]: Started Hostname Service.
Jan 16 23:43:58 Camilli-VirtualBox gnome-session[1611]: Nautilus-Share-Message: Called "net usershare info" but it failed: Failed to execute child process "net" (No such file or directory)
Jan 16 23:44:19 Camilli-VirtualBox gnome-session[1611]: Gtk-Message: GtkDialog mapped without a transient parent. This is discouraged.
Jan 16 23:45:28 Camilli-VirtualBox NetworkManager[883]: <info>  [1484628328.8778] manager: kernel firmware directory '/lib/firmware' changed
Jan 16 23:45:49 Camilli-VirtualBox kernel: [38359.274113] SGI XFS with ACLs, security attributes, realtime, no debug enabled
Jan 16 23:45:49 Camilli-VirtualBox kernel: [38359.312097] JFS: nTxBlock = 8000, nTxLock = 64002
Jan 16 23:45:49 Camilli-VirtualBox kernel: [38359.340057] ntfs: driver 2.1.32 [Flags: R/O MODULE].
Jan 16 23:45:49 Camilli-VirtualBox kernel: [38359.396648] QNX4 filesystem 0.2.3 registered.
Jan 16 23:45:50 Camilli-VirtualBox kernel: [38359.492133] raid6: mmxx1    gen()  5677 MB/s
Jan 16 23:45:50 Camilli-VirtualBox kernel: [38359.560187] raid6: mmxx2    gen()  5783 MB/s
Jan 16 23:45:50 Camilli-VirtualBox kernel: [38359.627745] raid6: sse1x1   gen()  4789 MB/s
Jan 16 23:45:50 Camilli-VirtualBox kernel: [38359.695780] raid6: sse1x2   gen()  5823 MB/s
Jan 16 23:45:50 Camilli-VirtualBox kernel: [38359.763831] raid6: sse2x1   gen()  9835 MB/s
Jan 16 23:45:50 Camilli-VirtualBox kernel: [38359.831877] raid6: sse2x1   xor()  7227 MB/s
Jan 16 23:45:50 Camilli-VirtualBox kernel: [38359.899922] raid6: sse2x2   gen() 11906 MB/s
Jan 16 23:45:50 Camilli-VirtualBox kernel: [38359.967975] raid6: sse2x2   xor()  7825 MB/s
Jan 16 23:45:50 Camilli-VirtualBox kernel: [38359.967978] raid6: using algorithm sse2x2 gen() 11906 MB/s
Jan 16 23:45:50 Camilli-VirtualBox kernel: [38359.967979] raid6: .... xor() 7825 MB/s, rmw enabled
Jan 16 23:45:50 Camilli-VirtualBox kernel: [38359.967980] raid6: using ssse3x1 recovery algorithm
Jan 16 23:45:50 Camilli-VirtualBox kernel: [38360.001383] xor: automatically using best checksumming function:
Jan 16 23:45:50 Camilli-VirtualBox kernel: [38360.040035]    avx       : 20156.000 MB/sec
Jan 16 23:45:50 Camilli-VirtualBox kernel: [38360.150555] Btrfs loaded
Jan 16 23:45:50 Camilli-VirtualBox os-prober: debug: running /usr/lib/os-probes/mounted/05efi on mounted /dev/sda1
Jan 16 23:45:50 Camilli-VirtualBox 05efi: debug: Not on UEFI platform
Jan 16 23:45:50 Camilli-VirtualBox os-prober: debug: running /usr/lib/os-probes/mounted/10freedos on mounted /dev/sda1
Jan 16 23:45:50 Camilli-VirtualBox 10freedos: debug: /dev/sda1 is not a FAT partition: exiting
Jan 16 23:45:50 Camilli-VirtualBox os-prober: debug: running /usr/lib/os-probes/mounted/10qnx on mounted /dev/sda1
Jan 16 23:45:50 Camilli-VirtualBox 10qnx: debug: /dev/sda1 is not a QNX4 partition: exiting
Jan 16 23:45:50 Camilli-VirtualBox os-prober: debug: running /usr/lib/os-probes/mounted/20macosx on mounted /dev/sda1
Jan 16 23:45:50 Camilli-VirtualBox macosx-prober: debug: /dev/sda1 is not an HFS+ partition: exiting
Jan 16 23:45:50 Camilli-VirtualBox os-prober: debug: running /usr/lib/os-probes/mounted/20microsoft on mounted /dev/sda1
Jan 16 23:45:50 Camilli-VirtualBox 20microsoft: debug: /dev/sda1 is not a MS partition: exiting
Jan 16 23:45:50 Camilli-VirtualBox os-prober: debug: running /usr/lib/os-probes/mounted/30utility on mounted /dev/sda1
Jan 16 23:45:50 Camilli-VirtualBox 30utility: debug: /dev/sda1 is not a FAT partition: exiting
Jan 16 23:45:50 Camilli-VirtualBox os-prober: debug: running /usr/lib/os-probes/mounted/40lsb on mounted /dev/sda1
Jan 16 23:45:50 Camilli-VirtualBox os-prober: debug: running /usr/lib/os-probes/mounted/70hurd on mounted /dev/sda1
Jan 16 23:45:50 Camilli-VirtualBox os-prober: debug: running /usr/lib/os-probes/mounted/80minix on mounted /dev/sda1
Jan 16 23:45:50 Camilli-VirtualBox os-prober: debug: running /usr/lib/os-probes/mounted/83haiku on mounted /dev/sda1
Jan 16 23:45:50 Camilli-VirtualBox 83haiku: debug: /dev/sda1 is not a BeFS partition: exiting
Jan 16 23:45:50 Camilli-VirtualBox os-prober: debug: running /usr/lib/os-probes/mounted/90linux-distro on mounted /dev/sda1
Jan 16 23:45:50 Camilli-VirtualBox os-prober: debug: running /usr/lib/os-probes/mounted/90solaris on mounted /dev/sda1
Jan 16 23:45:50 Camilli-VirtualBox os-prober: debug: /dev/sda2: DOS extended partition; skipping
Jan 16 23:45:50 Camilli-VirtualBox os-prober: debug: running /usr/lib/os-probes/50mounted-tests on /dev/sda5
Jan 16 23:45:50 Camilli-VirtualBox os-prober: debug: /dev/mapper/ubuntu--vg-swap_1: is active swap
Jan 16 23:47:11 Camilli-VirtualBox gnome-session[1611]: Nautilus-Share-Message: Called "net usershare info" but it failed: Failed to execute child process "net" (No such file or directory)
Jan 16 23:47:52 Camilli-VirtualBox gnome-session[1611]: (nautilus:1813): Gtk-WARNING **: Attempting to read the recently used resources file at '/home/aocamilli/.local/share/recently-used.xbel', but the parser failed: Failed to open file '/home/aocamilli/.local/share/recently-used.xbel': Permission denied.
Jan 16 23:47:52 Camilli-VirtualBox org.gtk.vfs.Daemon[1421]: (gvfsd-recent:15114): Gtk-WARNING **: Attempting to read the recently used resources file at '/home/aocamilli/.local/share/recently-used.xbel', but the parser failed: Failed to open file '/home/aocamilli/.local/share/recently-used.xbel': Permission denied.
Jan 16 23:47:52 Camilli-VirtualBox gnome-session[1611]: (zeitgeist-datahub:2048): Gtk-WARNING **: Attempting to read the recently used resources file at '/home/aocamilli/.local/share/recently-used.xbel', but the parser failed: Failed to open file '/home/aocamilli/.local/share/recently-used.xbel': Permission denied.
Jan 16 23:48:11 Camilli-VirtualBox gnome-session[1611]: (nautilus:1813): Gtk-WARNING **: Attempting to read the recently used resources file at '/home/aocamilli/.local/share/recently-used.xbel', but the parser failed: Failed to open file '/home/aocamilli/.local/share/recently-used.xbel': Permission denied.
Jan 16 23:48:11 Camilli-VirtualBox org.gtk.vfs.Daemon[1421]: (gvfsd-recent:15114): Gtk-WARNING **: Attempting to read the recently used resources file at '/home/aocamilli/.local/share/recently-used.xbel', but the parser failed: Failed to open file '/home/aocamilli/.local/share/recently-used.xbel': Permission denied.
Jan 16 23:48:11 Camilli-VirtualBox gnome-session[1611]: (zeitgeist-datahub:2048): Gtk-WARNING **: Attempting to read the recently used resources file at '/home/aocamilli/.local/share/recently-used.xbel', but the parser failed: Failed to open file '/home/aocamilli/.local/share/recently-used.xbel': Permission denied.
Jan 16 23:48:36 Camilli-VirtualBox org.gtk.vfs.Daemon[1421]: (gvfsd-recent:15114): Gtk-WARNING **: Attempting to read the recently used resources file at '/home/aocamilli/.local/share/recently-used.xbel', but the parser failed: Failed to open file '/home/aocamilli/.local/share/recently-used.xbel': Permission denied.
Jan 16 23:48:36 Camilli-VirtualBox gnome-session[1611]: (zeitgeist-datahub:2048): Gtk-WARNING **: Attempting to read the recently used resources file at '/home/aocamilli/.local/share/recently-used.xbel', but the parser failed: Failed to open file '/home/aocamilli/.local/share/recently-used.xbel': Permission denied.
Jan 16 23:48:36 Camilli-VirtualBox gnome-session[1611]: (nautilus:1813): Gtk-WARNING **: Attempting to read the recently used resources file at '/home/aocamilli/.local/share/recently-used.xbel', but the parser failed: Failed to open file '/home/aocamilli/.local/share/recently-used.xbel': Permission denied.
Jan 16 23:48:40 Camilli-VirtualBox org.gtk.vfs.Daemon[1421]: (gvfsd-recent:15114): Gtk-WARNING **: Attempting to read the recently used resources file at '/home/aocamilli/.local/share/recently-used.xbel', but the parser failed: Failed to open file '/home/aocamilli/.local/share/recently-used.xbel': Permission denied.
Jan 16 23:48:40 Camilli-VirtualBox gnome-session[1611]: (nautilus:1813): Gtk-WARNING **: Attempting to read the recently used resources file at '/home/aocamilli/.local/share/recently-used.xbel', but the parser failed: Failed to open file '/home/aocamilli/.local/share/recently-used.xbel': Permission denied.
Jan 16 23:48:40 Camilli-VirtualBox gnome-session[1611]: (zeitgeist-datahub:2048): Gtk-WARNING **: Attempting to read the recently used resources file at '/home/aocamilli/.local/share/recently-used.xbel', but the parser failed: Failed to open file '/home/aocamilli/.local/share/recently-used.xbel': Permission denied.
Jan 16 23:48:43 Camilli-VirtualBox gnome-session[1611]: (nautilus:1813): Gtk-WARNING **: Attempting to read the recently used resources file at '/home/aocamilli/.local/share/recently-used.xbel', but the parser failed: Failed to open file '/home/aocamilli/.local/share/recently-used.xbel': Permission denied.
Jan 16 23:48:43 Camilli-VirtualBox gnome-session[1611]: (zeitgeist-datahub:2048): Gtk-WARNING **: Attempting to read the recently used resources file at '/home/aocamilli/.local/share/recently-used.xbel', but the parser failed: Failed to open file '/home/aocamilli/.local/share/recently-used.xbel': Permission denied.
Jan 16 23:48:43 Camilli-VirtualBox org.gtk.vfs.Daemon[1421]: (gvfsd-recent:15114): Gtk-WARNING **: Attempting to read the recently used resources file at '/home/aocamilli/.local/share/recently-used.xbel', but the parser failed: Failed to open file '/home/aocamilli/.local/share/recently-used.xbel': Permission denied.
Jan 16 23:48:58 Camilli-VirtualBox os-prober: debug: running /usr/lib/os-probes/mounted/05efi on mounted /dev/sda1
Jan 16 23:48:58 Camilli-VirtualBox 05efi: debug: Not on UEFI platform
Jan 16 23:48:58 Camilli-VirtualBox os-prober: debug: running /usr/lib/os-probes/mounted/10freedos on mounted /dev/sda1
Jan 16 23:48:58 Camilli-VirtualBox 10freedos: debug: /dev/sda1 is not a FAT partition: exiting
Jan 16 23:48:58 Camilli-VirtualBox os-prober: debug: running /usr/lib/os-probes/mounted/10qnx on mounted /dev/sda1
Jan 16 23:48:58 Camilli-VirtualBox 10qnx: debug: /dev/sda1 is not a QNX4 partition: exiting
Jan 16 23:48:58 Camilli-VirtualBox os-prober: debug: running /usr/lib/os-probes/mounted/20macosx on mounted /dev/sda1
Jan 16 23:48:58 Camilli-VirtualBox macosx-prober: debug: /dev/sda1 is not an HFS+ partition: exiting
Jan 16 23:48:58 Camilli-VirtualBox os-prober: debug: running /usr/lib/os-probes/mounted/20microsoft on mounted /dev/sda1
Jan 16 23:48:58 Camilli-VirtualBox 20microsoft: debug: /dev/sda1 is not a MS partition: exiting
Jan 16 23:48:58 Camilli-VirtualBox os-prober: debug: running /usr/lib/os-probes/mounted/30utility on mounted /dev/sda1
Jan 16 23:48:58 Camilli-VirtualBox 30utility: debug: /dev/sda1 is not a FAT partition: exiting
Jan 16 23:48:58 Camilli-VirtualBox os-prober: debug: running /usr/lib/os-probes/mounted/40lsb on mounted /dev/sda1
Jan 16 23:48:58 Camilli-VirtualBox os-prober: debug: running /usr/lib/os-probes/mounted/70hurd on mounted /dev/sda1
Jan 16 23:48:58 Camilli-VirtualBox os-prober: debug: running /usr/lib/os-probes/mounted/80minix on mounted /dev/sda1
Jan 16 23:48:58 Camilli-VirtualBox os-prober: debug: running /usr/lib/os-probes/mounted/83haiku on mounted /dev/sda1
Jan 16 23:48:58 Camilli-VirtualBox 83haiku: debug: /dev/sda1 is not a BeFS partition: exiting
Jan 16 23:48:58 Camilli-VirtualBox os-prober: debug: running /usr/lib/os-probes/mounted/90linux-distro on mounted /dev/sda1
Jan 16 23:48:58 Camilli-VirtualBox os-prober: debug: running /usr/lib/os-probes/mounted/90solaris on mounted /dev/sda1
Jan 16 23:48:58 Camilli-VirtualBox os-prober: debug: /dev/sda2: DOS extended partition; skipping
Jan 16 23:48:58 Camilli-VirtualBox os-prober: debug: running /usr/lib/os-probes/50mounted-tests on /dev/sda5
Jan 16 23:48:58 Camilli-VirtualBox os-prober: debug: /dev/mapper/ubuntu--vg-swap_1: is active swap
Jan 16 23:49:09 Camilli-VirtualBox systemd[1]: Stopped target Timers.
Jan 16 23:49:09 Camilli-VirtualBox systemd[1]: Stopped target Graphical Interface.
Jan 16 23:49:09 Camilli-VirtualBox systemd[1]: Stopping ACPI event daemon...
Jan 16 23:49:09 Camilli-VirtualBox systemd[1]: Stopping Disk Manager...
Jan 16 23:49:09 Camilli-VirtualBox systemd[1]: Stopping Accounts Service...
Jan 16 23:49:09 Camilli-VirtualBox systemd[1]: Stopping Light Display Manager...
Jan 16 23:49:09 Camilli-VirtualBox systemd[1]: Stopping RealtimeKit Scheduling Policy Service...
Jan 16 23:49:09 Camilli-VirtualBox systemd[1]: Stopped Daily Cleanup of Temporary Directories.
Jan 16 23:49:09 Camilli-VirtualBox systemd[1]: Stopping Save/Restore Sound Card State...
Jan 16 23:49:09 Camilli-VirtualBox systemd[1]: Stopping Manage, Install and Generate Color Profiles...
Jan 16 23:49:09 Camilli-VirtualBox org.a11y.atspi.Registry[1552]: XIO:  fatal IO error 11 (Resource temporarily unavailable) on X server ":0"
Jan 16 23:49:09 Camilli-VirtualBox org.a11y.atspi.Registry[1552]:       after 67993 requests (67993 known processed) with 0 events remaining.
Jan 16 23:49:09 Camilli-VirtualBox kernel: [38559.830864] show_signal_msg: 39 callbacks suppressed
Jan 16 23:49:09 Camilli-VirtualBox kernel: [38559.830867] hud-service[1600]: segfault at b7764a74 ip b7764a74 sp bfb44130 error 15 in ld-2.23.so[b7764000+1000]
Jan 16 23:49:10 Camilli-VirtualBox systemd[1]: Stopping Session c1 of user aocamilli.
Jan 16 23:49:10 Camilli-VirtualBox systemd[1]: Stopping Daemon for power management...
Jan 16 23:49:10 Camilli-VirtualBox systemd[1]: Stopped target Sound Card.
Jan 16 23:49:10 Camilli-VirtualBox systemd[1]: Stopped Daily apt activities.
Jan 16 23:49:10 Camilli-VirtualBox systemd[1]: Closed Load/Save RF Kill Switch Status /dev/rfkill Watch.
Jan 16 23:49:10 Camilli-VirtualBox systemd[1]: Stopped target Multi-User System.
Jan 16 23:49:10 Camilli-VirtualBox systemd[1]: Stopped target Login Prompts.
Jan 16 23:49:10 Camilli-VirtualBox systemd[1]: Stopping Getty on tty1...
Jan 16 23:49:10 Camilli-VirtualBox systemd[1]: Stopping Regular background program processing daemon...
Jan 16 23:49:10 Camilli-VirtualBox systemd[1]: Stopping Snappy daemon...
Jan 16 23:49:10 Camilli-VirtualBox systemd[1]: Stopping LSB: daemon to balance interrupts for SMP systems...
Jan 16 23:49:10 Camilli-VirtualBox /usr/lib/snapd/snapd[896]: main.go:67: Exiting on terminated signal.
Jan 16 23:49:10 Camilli-VirtualBox snapd[896]: 2017/01/16 23:49:10.051703 main.go:67: Exiting on terminated signal.
Jan 16 23:49:10 Camilli-VirtualBox systemd[1]: Stopping LSB: Record successful boot for GRUB...
Jan 16 23:49:10 Camilli-VirtualBox rsyslogd: [origin software="rsyslogd" swVersion="8.16.0" x-pid="789" x-info="http://www.rsyslog.com"] exiting on signal 15.
Jan 16 23:50:29 Camilli-VirtualBox rsyslogd: [origin software="rsyslogd" swVersion="8.16.0" x-pid="798" x-info="http://www.rsyslog.com"] start
Jan 16 23:50:29 Camilli-VirtualBox rsyslogd-2222: command 'KLogPermitNonKernelFacility' is currently not permitted - did you already set it via a RainerScript command (v6+ config)? [v8.16.0 try http://www.rsyslog.com/e/2222 ]
Jan 16 23:50:29 Camilli-VirtualBox rsyslogd: rsyslogd's groupid changed to 108
Jan 16 23:50:29 Camilli-VirtualBox rsyslogd: rsyslogd's userid changed to 104
Jan 16 23:50:29 Camilli-VirtualBox kernel: [    0.000000] Initializing cgroup subsys cpuset
Jan 16 23:50:29 Camilli-VirtualBox systemd-modules-load[243]: Inserted module 'lp'
Jan 16 23:50:29 Camilli-VirtualBox systemd-modules-load[243]: Inserted module 'ppdev'
Jan 16 23:50:29 Camilli-VirtualBox systemd-modules-load[243]: Inserted module 'parport_pc'
Jan 16 23:50:29 Camilli-VirtualBox systemd[1]: Started Load Kernel Modules.
Jan 16 23:50:29 Camilli-VirtualBox loadkeys[226]: Loading /etc/console-setup/cached.kmap.gz
Jan 16 23:50:29 Camilli-VirtualBox systemd[1]: Started Set console keymap.
Jan 16 23:50:29 Camilli-VirtualBox systemd[1]: Starting Apply Kernel Variables...
Jan 16 23:50:29 Camilli-VirtualBox systemd[1]: Mounting FUSE Control File System...
Jan 16 23:50:29 Camilli-VirtualBox systemd[1]: Started LVM2 metadata daemon.
Jan 16 23:50:29 Camilli-VirtualBox systemd[1]: Starting Create Static Device Nodes in /dev...
Jan 16 23:50:29 Camilli-VirtualBox systemd[1]: Started Apply Kernel Variables.
Jan 16 23:50:29 Camilli-VirtualBox systemd[1]: Started Create Static Device Nodes in /dev.
Jan 16 23:50:29 Camilli-VirtualBox systemd[1]: Mounted FUSE Control File System.
Jan 16 23:50:29 Camilli-VirtualBox systemd[1]: Starting udev Kernel Device Manager...
Jan 16 23:50:29 Camilli-VirtualBox systemd[1]: Started udev Kernel Device Manager.
Jan 16 23:50:29 Camilli-VirtualBox systemd[1]: Starting Remount Root and Kernel File Systems...
Jan 16 23:50:29 Camilli-VirtualBox systemd[1]: Started Remount Root and Kernel File Systems.
Jan 16 23:50:29 Camilli-VirtualBox systemd[1]: Starting Load/Save Random Seed...
Jan 16 23:50:29 Camilli-VirtualBox systemd[1]: Starting udev Coldplug all Devices...
Jan 16 23:50:29 Camilli-VirtualBox systemd[1]: Starting Flush Journal to Persistent Storage...
Jan 16 23:50:29 Camilli-VirtualBox systemd[1]: Started Load/Save Random Seed.
Jan 16 23:50:29 Camilli-VirtualBox systemd[1]: Started Flush Journal to Persistent Storage.
Jan 16 23:50:29 Camilli-VirtualBox systemd[1]: Started udev Coldplug all Devices.
Jan 16 23:50:29 Camilli-VirtualBox systemd[1]: Starting Show Plymouth Boot Screen...
Jan 16 23:50:29 Camilli-VirtualBox systemd[1]: Started Show Plymouth Boot Screen.
Jan 16 23:50:29 Camilli-VirtualBox systemd[1]: Started Forward Password Requests to Plymouth Directory Watch.
Jan 16 23:50:29 Camilli-VirtualBox systemd[1]: Received SIGRTMIN+20 from PID 302 (plymouthd).
Jan 16 23:50:29 Camilli-VirtualBox mtp-probe: checking bus 2, device 2: "/sys/devices/pci0000:00/0000:00:06.0/usb2/2-1"
Jan 16 23:50:29 Camilli-VirtualBox mtp-probe: bus: 2, device: 2 was not an MTP device
Jan 16 23:50:29 Camilli-VirtualBox lvm[246]:   1 logical volume(s) in volume group "ubuntu-vg" monitored
Jan 16 23:50:29 Camilli-VirtualBox systemd[1]: Started Monitoring of LVM2 mirrors, snapshots etc. using dmeventd or progress polling.
Jan 16 23:50:29 Camilli-VirtualBox systemd[1]: Reached target Local File Systems (Pre).
Jan 16 23:50:29 Camilli-VirtualBox systemd-udevd[283]: Process '/lib/udev/hdparm' failed with exit code 5.
Jan 16 23:50:29 Camilli-VirtualBox systemd[1]: Found device VBOX_HARDDISK 1.
Jan 16 23:50:29 Camilli-VirtualBox systemd[1]: Starting File System Check on /dev/disk/by-uuid/883b40ad-3451-4c80-b520-31e528d7f63b...
Jan 16 23:50:29 Camilli-VirtualBox systemd[1]: Started File System Check Daemon to report status.
Jan 16 23:50:29 Camilli-VirtualBox systemd-fsck[450]: /dev/sda1: clean, 312/124928 files, 169984/498688 blocks
Jan 16 23:50:29 Camilli-VirtualBox systemd[1]: Started File System Check on /dev/disk/by-uuid/883b40ad-3451-4c80-b520-31e528d7f63b.
Jan 16 23:50:29 Camilli-VirtualBox systemd[1]: Mounting /boot...
Jan 16 23:50:29 Camilli-VirtualBox systemd[1]: Mounted /boot.
Jan 16 23:50:29 Camilli-VirtualBox systemd[1]: Reached target Local File Systems.
Jan 16 23:50:29 Camilli-VirtualBox systemd[1]: Starting LSB: AppArmor initialization...
Jan 16 23:50:29 Camilli-VirtualBox systemd[1]: Starting Set console font and keymap...
Jan 16 23:50:29 Camilli-VirtualBox systemd[1]: Starting Tell Plymouth To Write Out Runtime Data...
Jan 16 23:50:29 Camilli-VirtualBox systemd[1]: Starting Clean up any mess left by 0dns-up...
Jan 16 23:50:29 Camilli-VirtualBox systemd[1]: Starting Create Volatile Files and Directories...
Jan 16 23:50:29 Camilli-VirtualBox systemd-tmpfiles[484]: [/usr/lib/tmpfiles.d/var.conf:14] Duplicate line for path "/var/log", ignoring.
Jan 16 23:50:29 Camilli-VirtualBox systemd[1]: Started Tell Plymouth To Write Out Runtime Data.
Jan 16 23:50:29 Camilli-VirtualBox systemd[1]: Started Create Volatile Files and Directories.
Jan 16 23:50:29 Camilli-VirtualBox systemd[1]: Started Clean up any mess left by 0dns-up.
Jan 16 23:50:29 Camilli-VirtualBox apparmor[476]:  * Starting AppArmor profiles
Jan 16 23:50:29 Camilli-VirtualBox systemd[1]: Starting Nameserver information manager...
Jan 16 23:50:29 Camilli-VirtualBox systemd[1]: Starting Network Time Synchronization...
Jan 16 23:50:29 Camilli-VirtualBox systemd[1]: Starting Update UTMP about System Boot/Shutdown...
Jan 16 23:50:29 Camilli-VirtualBox rsyslogd-2039: Could not open output pipe '/dev/xconsole':: No such file or directory [v8.16.0 try http://www.rsyslog.com/e/2039 ]
Jan 16 23:50:29 Camilli-VirtualBox rsyslogd-2007: action 'action 10' suspended, next retry is Mon Jan 16 23:50:59 2017 [v8.16.0 try http://www.rsyslog.com/e/2007 ]
Jan 16 23:50:29 Camilli-VirtualBox kernel: [    0.000000] Initializing cgroup subsys cpu
Jan 16 23:50:29 Camilli-VirtualBox kernel: [    0.000000] Initializing cgroup subsys cpuacct
Jan 16 23:50:29 Camilli-VirtualBox kernel: [    0.000000] Linux version 4.4.35aocamilli (root@Camilli-VirtualBox) (gcc version 5.4.0 20160609 (Ubuntu 5.4.0-6ubuntu1~16.04.4) ) #1 SMP Mon Jan 16 17:20:29 EST 2017 (Ubuntu 4.4.0-59.80-generic 4.4.35)
Jan 16 23:50:29 Camilli-VirtualBox kernel: [    0.000000] KERNEL supported cpus:
Jan 16 23:50:29 Camilli-VirtualBox kernel: [    0.000000]   Intel GenuineIntel
Jan 16 23:50:29 Camilli-VirtualBox kernel: [    0.000000]   AMD AuthenticAMD
Jan 16 23:50:29 Camilli-VirtualBox kernel: [    0.000000]   NSC Geode by NSC
Jan 16 23:50:29 Camilli-VirtualBox kernel: [    0.000000]   Cyrix CyrixInstead
Jan 16 23:50:29 Camilli-VirtualBox kernel: [    0.000000]   Centaur CentaurHauls
Jan 16 23:50:29 Camilli-VirtualBox kernel: [    0.000000]   Transmeta GenuineTMx86
Jan 16 23:50:29 Camilli-VirtualBox kernel: [    0.000000]   Transmeta TransmetaCPU
Jan 16 23:50:29 Camilli-VirtualBox kernel: [    0.000000]   UMC UMC UMC UMC
Jan 16 23:50:29 Camilli-VirtualBox kernel: [    0.000000] x86/fpu: xstate_offset[2]:  576, xstate_sizes[2]:  256
Jan 16 23:50:29 Camilli-VirtualBox kernel: [    0.000000] x86/fpu: Supporting XSAVE feature 0x01: 'x87 floating point registers'
Jan 16 23:50:29 Camilli-VirtualBox kernel: [    0.000000] x86/fpu: Supporting XSAVE feature 0x02: 'SSE registers'
Jan 16 23:50:29 Camilli-VirtualBox kernel: [    0.000000] x86/fpu: Supporting XSAVE feature 0x04: 'AVX registers'
Jan 16 23:50:29 Camilli-VirtualBox kernel: [    0.000000] x86/fpu: Enabled xstate features 0x7, context size is 832 bytes, using 'standard' format.
Jan 16 23:50:29 Camilli-VirtualBox kernel: [    0.000000] x86/fpu: Using 'lazy' FPU context switches.
Jan 16 23:50:29 Camilli-VirtualBox kernel: [    0.000000] e820: BIOS-provided physical RAM map:
Jan 16 23:50:29 Camilli-VirtualBox kernel: [    0.000000] BIOS-e820: [mem 0x0000000000000000-0x000000000009fbff] usable
Jan 16 23:50:29 Camilli-VirtualBox kernel: [    0.000000] BIOS-e820: [mem 0x000000000009fc00-0x000000000009ffff] reserved
Jan 16 23:50:29 Camilli-VirtualBox kernel: [    0.000000] BIOS-e820: [mem 0x00000000000f0000-0x00000000000fffff] reserved
Jan 16 23:50:29 Camilli-VirtualBox kernel: [    0.000000] BIOS-e820: [mem 0x0000000000100000-0x000000003ffeffff] usable
Jan 16 23:50:29 Camilli-VirtualBox kernel: [    0.000000] BIOS-e820: [mem 0x000000003fff0000-0x000000003fffffff] ACPI data
Jan 16 23:50:29 Camilli-VirtualBox kernel: [    0.000000] BIOS-e820: [mem 0x00000000fec00000-0x00000000fec00fff] reserved
Jan 16 23:50:29 Camilli-VirtualBox kernel: [    0.000000] BIOS-e820: [mem 0x00000000fee00000-0x00000000fee00fff] reserved
Jan 16 23:50:29 Camilli-VirtualBox kernel: [    0.000000] BIOS-e820: [mem 0x00000000fffc0000-0x00000000ffffffff] reserved
Jan 16 23:50:29 Camilli-VirtualBox kernel: [    0.000000] NX (Execute Disable) protection: active
Jan 16 23:50:29 Camilli-VirtualBox kernel: [    0.000000] SMBIOS 2.5 present.
Jan 16 23:50:29 Camilli-VirtualBox kernel: [    0.000000] DMI: innotek GmbH VirtualBox/VirtualBox, BIOS VirtualBox 12/01/2006
Jan 16 23:50:29 Camilli-VirtualBox kernel: [    0.000000] Hypervisor detected: KVM
Jan 16 23:50:29 Camilli-VirtualBox kernel: [    0.000000] e820: update [mem 0x00000000-0x00000fff] usable ==> reserved
Jan 16 23:50:29 Camilli-VirtualBox kernel: [    0.000000] e820: remove [mem 0x000a0000-0x000fffff] usable
Jan 16 23:50:29 Camilli-VirtualBox kernel: [    0.000000] e820: last_pfn = 0x3fff0 max_arch_pfn = 0x1000000
Jan 16 23:50:29 Camilli-VirtualBox kernel: [    0.000000] MTRR default type: uncachable
Jan 16 23:50:29 Camilli-VirtualBox kernel: [    0.000000] MTRR variable ranges disabled:
Jan 16 23:50:29 Camilli-VirtualBox kernel: [    0.000000] MTRR: Disabled
Jan 16 23:50:29 Camilli-VirtualBox kernel: [    0.000000] x86/PAT: MTRRs disabled, skipping PAT initialization too.
Jan 16 23:50:29 Camilli-VirtualBox kernel: [    0.000000] x86/PAT: Configuration [0-7]: WB  WT  UC- UC  WB  WT  UC- UC  
Jan 16 23:50:29 Camilli-VirtualBox kernel: [    0.000000] CPU MTRRs all blank - virtualized system.
Jan 16 23:50:29 Camilli-VirtualBox kernel: [    0.000000] Scanning 1 areas for low memory corruption
Jan 16 23:50:29 Camilli-VirtualBox kernel: [    0.000000] initial memory mapped: [mem 0x00000000-0x021fffff]
Jan 16 23:50:29 Camilli-VirtualBox kernel: [    0.000000] Base memory trampoline at [c009b000] 9b000 size 16384
Jan 16 23:50:29 Camilli-VirtualBox kernel: [    0.000000] BRK [0x01d54000, 0x01d54fff] PGTABLE
Jan 16 23:50:29 Camilli-VirtualBox kernel: [    0.000000] BRK [0x01d55000, 0x01d55fff] PGTABLE
Jan 16 23:50:29 Camilli-VirtualBox kernel: [    0.000000] RAMDISK: [mem 0x336d0000-0x35b5ffff]
Jan 16 23:50:29 Camilli-VirtualBox kernel: [    0.000000] ACPI: Early table checksum verification disabled
Jan 16 23:50:29 Camilli-VirtualBox kernel: [    0.000000] ACPI: RSDP 0x00000000000E0000 000024 (v02 VBOX  )
Jan 16 23:50:29 Camilli-VirtualBox kernel: [    0.000000] ACPI: XSDT 0x000000003FFF0030 000034 (v01 VBOX   VBOXXSDT 00000001 ASL  00000061)
Jan 16 23:50:29 Camilli-VirtualBox kernel: [    0.000000] ACPI: FACP 0x000000003FFF00F0 0000F4 (v04 VBOX   VBOXFACP 00000001 ASL  00000061)
Jan 16 23:50:29 Camilli-VirtualBox kernel: [    0.000000] ACPI: DSDT 0x000000003FFF0410 00210F (v01 VBOX   VBOXBIOS 00000002 INTL 20100528)
Jan 16 23:50:29 Camilli-VirtualBox kernel: [    0.000000] ACPI: FACS 0x000000003FFF0200 000040
Jan 16 23:50:29 Camilli-VirtualBox kernel: [    0.000000] ACPI: FACS 0x000000003FFF0200 000040
Jan 16 23:50:29 Camilli-VirtualBox kernel: [    0.000000] ACPI: SSDT 0x000000003FFF0240 0001CC (v01 VBOX   VBOXCPUT 00000002 INTL 20100528)
Jan 16 23:50:29 Camilli-VirtualBox kernel: [    0.000000] 131MB HIGHMEM available.
Jan 16 23:50:29 Camilli-VirtualBox kernel: [    0.000000] 891MB LOWMEM available.
Jan 16 23:50:29 Camilli-VirtualBox kernel: [    0.000000]   mapped low ram: 0 - 37bfe000
Jan 16 23:50:29 Camilli-VirtualBox kernel: [    0.000000]   low ram: 0 - 37bfe000
Jan 16 23:50:29 Camilli-VirtualBox kernel: [    0.000000] kvm-clock: Using msrs 4b564d01 and 4b564d00
Jan 16 23:50:29 Camilli-VirtualBox kernel: [    0.000000] kvm-clock: cpu 0, msr 0:37bfd001, primary cpu clock
Jan 16 23:50:29 Camilli-VirtualBox kernel: [    0.000000] kvm-clock: using sched offset of 38580807277456 cycles
Jan 16 23:50:29 Camilli-VirtualBox kernel: [    0.000000] clocksource: kvm-clock: mask: 0xffffffffffffffff max_cycles: 0x1cd42e4dffb, max_idle_ns: 881590591483 ns
Jan 16 23:50:29 Camilli-VirtualBox kernel: [    0.000000] Zone ranges:
Jan 16 23:50:29 Camilli-VirtualBox kernel: [    0.000000]   DMA      [mem 0x0000000000001000-0x0000000000ffffff]
Jan 16 23:50:29 Camilli-VirtualBox kernel: [    0.000000]   Normal   [mem 0x0000000001000000-0x0000000037bfdfff]
Jan 16 23:50:29 Camilli-VirtualBox kernel: [    0.000000]   HighMem  [mem 0x0000000037bfe000-0x000000003ffeffff]
Jan 16 23:50:29 Camilli-VirtualBox kernel: [    0.000000] Movable zone start for each node
Jan 16 23:50:29 Camilli-VirtualBox kernel: [    0.000000] Early memory node ranges
Jan 16 23:50:29 Camilli-VirtualBox kernel: [    0.000000]   node   0: [mem 0x0000000000001000-0x000000000009efff]
Jan 16 23:50:29 Camilli-VirtualBox kernel: [    0.000000]   node   0: [mem 0x0000000000100000-0x000000003ffeffff]
Jan 16 23:50:29 Camilli-VirtualBox kernel: [    0.000000] Initmem setup node 0 [mem 0x0000000000001000-0x000000003ffeffff]
Jan 16 23:50:29 Camilli-VirtualBox kernel: [    0.000000] On node 0 totalpages: 262030
Jan 16 23:50:29 Camilli-VirtualBox kernel: [    0.000000]   DMA zone: 40 pages used for memmap
Jan 16 23:50:29 Camilli-VirtualBox kernel: [    0.000000]   DMA zone: 0 pages reserved
Jan 16 23:50:29 Camilli-VirtualBox kernel: [    0.000000]   DMA zone: 3998 pages, LIFO batch:0
Jan 16 23:50:29 Camilli-VirtualBox kernel: [    0.000000]   Normal zone: 2190 pages used for memmap
Jan 16 23:50:29 Camilli-VirtualBox kernel: [    0.000000]   Normal zone: 224254 pages, LIFO batch:31
Jan 16 23:50:29 Camilli-VirtualBox kernel: [    0.000000]   HighMem zone: 33778 pages, LIFO batch:7
Jan 16 23:50:29 Camilli-VirtualBox kernel: [    0.000000] Using APIC driver default
Jan 16 23:50:29 Camilli-VirtualBox kernel: [    0.000000] ACPI: PM-Timer IO Port: 0x4008
Jan 16 23:50:29 Camilli-VirtualBox systemd[1]: Started Network Time Synchronization.
Jan 16 23:50:29 Camilli-VirtualBox systemd[1]: Started Nameserver information manager.
Jan 16 23:50:29 Camilli-VirtualBox systemd[1]: Started Set console font and keymap.
Jan 16 23:50:29 Camilli-VirtualBox systemd[1]: Started Update UTMP about System Boot/Shutdown.
Jan 16 23:50:29 Camilli-VirtualBox systemd[1]: Created slice system-getty.slice.
Jan 16 23:50:29 Camilli-VirtualBox systemd[1]: Reached target System Time Synchronized.
Jan 16 23:50:29 Camilli-VirtualBox apparmor[476]: Skipping profile in /etc/apparmor.d/disable: usr.bin.firefox
Jan 16 23:50:29 Camilli-VirtualBox apparmor[476]: Skipping profile in /etc/apparmor.d/disable: usr.sbin.rsyslogd
Jan 16 23:50:29 Camilli-VirtualBox systemd[1]: Listening on Load/Save RF Kill Switch Status /dev/rfkill Watch.
Jan 16 23:50:29 Camilli-VirtualBox apparmor[476]:    ...done.
Jan 16 23:50:29 Camilli-VirtualBox systemd[1]: Started LSB: AppArmor initialization.
Jan 16 23:50:29 Camilli-VirtualBox systemd[1]: Starting Raise network interfaces...
Jan 16 23:50:29 Camilli-VirtualBox systemd[1]: Started Raise network interfaces.
Jan 16 23:50:29 Camilli-VirtualBox systemd[1]: Reached target Sound Card.
Jan 16 23:50:29 Camilli-VirtualBox systemd[1]: Found device /dev/mapper/ubuntu--vg-swap_1.
Jan 16 23:50:29 Camilli-VirtualBox systemd[1]: Activating swap /dev/mapper/ubuntu--vg-swap_1...
Jan 16 23:50:29 Camilli-VirtualBox systemd[1]: Activated swap /dev/mapper/ubuntu--vg-swap_1.
Jan 16 23:50:29 Camilli-VirtualBox systemd[1]: Reached target Swap.
Jan 16 23:50:29 Camilli-VirtualBox systemd[1]: Reached target System Initialization.
Jan 16 23:50:29 Camilli-VirtualBox systemd[1]: Started ACPI Events Check.
Jan 16 23:50:29 Camilli-VirtualBox systemd[1]: Started Trigger resolvconf update for networkd DNS.
Jan 16 23:50:29 Camilli-VirtualBox systemd[1]: Started Daily Cleanup of Temporary Directories.
Jan 16 23:50:29 Camilli-VirtualBox systemd[1]: apt-daily.timer: Adding 10h 21min 5.948328s random time.
Jan 16 23:50:29 Camilli-VirtualBox systemd[1]: Started Daily apt activities.
Jan 16 23:50:29 Camilli-VirtualBox systemd[1]: Listening on UUID daemon activation socket.
Jan 16 23:50:29 Camilli-VirtualBox systemd[1]: Listening on CUPS Scheduler.
Jan 16 23:50:29 Camilli-VirtualBox systemd[1]: Started CUPS Scheduler.
Jan 16 23:50:29 Camilli-VirtualBox systemd[1]: Reached target Paths.
Jan 16 23:50:29 Camilli-VirtualBox systemd[1]: Starting Socket activation for snappy daemon.
Jan 16 23:50:29 Camilli-VirtualBox systemd[1]: snapd.refresh.timer: Adding 5h 42min 32.992205s random time.
Jan 16 23:50:29 Camilli-VirtualBox systemd[1]: snapd.refresh.timer: Adding 3h 34min 50.800554s random time.
Jan 16 23:50:29 Camilli-VirtualBox systemd[1]: Started Timer to automatically refresh installed snaps.
Jan 16 23:50:29 Camilli-VirtualBox systemd[1]: Reached target Timers.
Jan 16 23:50:29 Camilli-VirtualBox systemd[1]: Listening on D-Bus System Message Bus Socket.
Jan 16 23:50:29 Camilli-VirtualBox systemd[1]: Listening on Avahi mDNS/DNS-SD Stack Activation Socket.
Jan 16 23:50:29 Camilli-VirtualBox systemd[1]: Listening on ACPID Listen Socket.
Jan 16 23:50:29 Camilli-VirtualBox systemd[1]: Listening on Socket activation for snappy daemon.
Jan 16 23:50:29 Camilli-VirtualBox systemd[1]: Reached target Sockets.
Jan 16 23:50:29 Camilli-VirtualBox systemd[1]: Reached target Basic System.
Jan 16 23:50:29 Camilli-VirtualBox systemd[1]: Starting Modem Manager...
Jan 16 23:50:29 Camilli-VirtualBox systemd[1]: Starting Thermal Daemon Service...
Jan 16 23:50:29 Camilli-VirtualBox systemd[1]: Starting Permit User Sessions...
Jan 16 23:50:29 Camilli-VirtualBox systemd[1]: Starting System Logging Service...
Jan 16 23:50:29 Camilli-VirtualBox systemd[1]: Starting Login Service...
Jan 16 23:50:29 Camilli-VirtualBox systemd[1]: Started CUPS Scheduler.
Jan 16 23:50:29 Camilli-VirtualBox systemd[1]: Started ACPI event daemon.
Jan 16 23:50:29 Camilli-VirtualBox kernel: [    0.000000] smpboot: Allowing 1 CPUs, 0 hotplug CPUs
Jan 16 23:50:29 Camilli-VirtualBox kernel: [    0.000000] Found and enabled local APIC!
Jan 16 23:50:29 Camilli-VirtualBox kernel: [    0.000000] PM: Registered nosave memory: [mem 0x00000000-0x00000fff]
Jan 16 23:50:29 Camilli-VirtualBox kernel: [    0.000000] PM: Registered nosave memory: [mem 0x0009f000-0x0009ffff]
Jan 16 23:50:29 Camilli-VirtualBox kernel: [    0.000000] PM: Registered nosave memory: [mem 0x000a0000-0x000effff]
Jan 16 23:50:29 Camilli-VirtualBox kernel: [    0.000000] PM: Registered nosave memory: [mem 0x000f0000-0x000fffff]
Jan 16 23:50:29 Camilli-VirtualBox kernel: [    0.000000] e820: [mem 0x40000000-0xfebfffff] available for PCI devices
Jan 16 23:50:29 Camilli-VirtualBox kernel: [    0.000000] Booting paravirtualized kernel on KVM
Jan 16 23:50:29 Camilli-VirtualBox kernel: [    0.000000] clocksource: refined-jiffies: mask: 0xffffffff max_cycles: 0xffffffff, max_idle_ns: 7645519600211568 ns
Jan 16 23:50:29 Camilli-VirtualBox kernel: [    0.000000] setup_percpu: NR_CPUS:8 nr_cpumask_bits:8 nr_cpu_ids:1 nr_node_ids:1
Jan 16 23:50:29 Camilli-VirtualBox kernel: [    0.000000] PERCPU: Embedded 19 pages/cpu @f71c3000 s47436 r0 d30388 u77824
Jan 16 23:50:29 Camilli-VirtualBox kernel: [    0.000000] pcpu-alloc: s47436 r0 d30388 u77824 alloc=19*4096
Jan 16 23:50:29 Camilli-VirtualBox kernel: [    0.000000] pcpu-alloc: [0] 0 
Jan 16 23:50:29 Camilli-VirtualBox kernel: [    0.000000] PV qspinlock hash table entries: 512 (order: 0, 4096 bytes)
Jan 16 23:50:29 Camilli-VirtualBox kernel: [    0.000000] Built 1 zonelists in Zone order, mobility grouping on.  Total pages: 259800
Jan 16 23:50:29 Camilli-VirtualBox kernel: [    0.000000] Kernel command line: BOOT_IMAGE=/vmlinuz-4.4.35aocamilli root=/dev/mapper/ubuntu--vg-root ro quiet splash
Jan 16 23:50:29 Camilli-VirtualBox kernel: [    0.000000] PID hash table entries: 4096 (order: 2, 16384 bytes)
Jan 16 23:50:29 Camilli-VirtualBox kernel: [    0.000000] Dentry cache hash table entries: 131072 (order: 7, 524288 bytes)
Jan 16 23:50:29 Camilli-VirtualBox kernel: [    0.000000] Inode-cache hash table entries: 65536 (order: 6, 262144 bytes)
Jan 16 23:50:29 Camilli-VirtualBox kernel: [    0.000000] Initializing CPU#0
Jan 16 23:50:29 Camilli-VirtualBox kernel: [    0.000000] Initializing HighMem for node 0 (00037bfe:0003fff0)
Jan 16 23:50:29 Camilli-VirtualBox kernel: [    0.000000] Initializing Movable for node 0 (00000000:00000000)
Jan 16 23:50:29 Camilli-VirtualBox kernel: [    0.000000] Memory: 985672K/1048120K available (7909K kernel code, 769K rwdata, 3112K rodata, 944K init, 800K bss, 62448K reserved, 0K cma-reserved, 135112K highmem)
Jan 16 23:50:29 Camilli-VirtualBox kernel: [    0.000000] virtual kernel memory layout:
Jan 16 23:50:29 Camilli-VirtualBox kernel: [    0.000000]     fixmap  : 0xfff15000 - 0xfffff000   ( 936 kB)
Jan 16 23:50:29 Camilli-VirtualBox kernel: [    0.000000]     pkmap   : 0xffc00000 - 0xffe00000   (2048 kB)
Jan 16 23:50:29 Camilli-VirtualBox kernel: [    0.000000]     vmalloc : 0xf83fe000 - 0xffbfe000   ( 120 MB)
Jan 16 23:50:29 Camilli-VirtualBox kernel: [    0.000000]     lowmem  : 0xc0000000 - 0xf7bfe000   ( 891 MB)
Jan 16 23:50:29 Camilli-VirtualBox kernel: [    0.000000]       .init : 0xc1b87000 - 0xc1c73000   ( 944 kB)
Jan 16 23:50:29 Camilli-VirtualBox kernel: [    0.000000]       .data : 0xc17b9b4f - 0xc1b85700   (3886 kB)
Jan 16 23:50:29 Camilli-VirtualBox kernel: [    0.000000]       .text : 0xc1000000 - 0xc17b9b4f   (7910 kB)
Jan 16 23:50:29 Camilli-VirtualBox kernel: [    0.000000] Checking if this processor honours the WP bit even in supervisor mode...Ok.
Jan 16 23:50:29 Camilli-VirtualBox kernel: [    0.000000] SLUB: HWalign=64, Order=0-3, MinObjects=0, CPUs=1, Nodes=1
Jan 16 23:50:29 Camilli-VirtualBox kernel: [    0.000000] Hierarchical RCU implementation.
Jan 16 23:50:29 Camilli-VirtualBox kernel: [    0.000000] 	Build-time adjustment of leaf fanout to 32.
Jan 16 23:50:29 Camilli-VirtualBox kernel: [    0.000000] 	RCU restricting CPUs from NR_CPUS=8 to nr_cpu_ids=1.
Jan 16 23:50:29 Camilli-VirtualBox kernel: [    0.000000] RCU: Adjusting geometry for rcu_fanout_leaf=32, nr_cpu_ids=1
Jan 16 23:50:29 Camilli-VirtualBox kernel: [    0.000000] NR_IRQS:2304 nr_irqs:32 16
Jan 16 23:50:29 Camilli-VirtualBox kernel: [    0.000000] CPU 0 irqstacks, hard=f6c34000 soft=f6c36000
Jan 16 23:50:29 Camilli-VirtualBox kernel: [    0.000000] Console: colour VGA+ 80x25
Jan 16 23:50:29 Camilli-VirtualBox kernel: [    0.000000] console [tty0] enabled
Jan 16 23:50:29 Camilli-VirtualBox kernel: [    0.000000] allocated 1048576 bytes of page_ext
Jan 16 23:50:29 Camilli-VirtualBox kernel: [    0.000000] tsc: Detected 2594.000 MHz processor
Jan 16 23:50:29 Camilli-VirtualBox kernel: [    0.026694] Calibrating delay loop (skipped) preset value.. 5188.00 BogoMIPS (lpj=10376000)
Jan 16 23:50:29 Camilli-VirtualBox kernel: [    0.026707] pid_max: default: 32768 minimum: 301
Jan 16 23:50:29 Camilli-VirtualBox kernel: [    0.026718] ACPI: Core revision 20150930
Jan 16 23:50:29 Camilli-VirtualBox kernel: [    0.027522] ACPI: 2 ACPI AML tables successfully acquired and loaded
Jan 16 23:50:29 Camilli-VirtualBox kernel: [    0.027528] ACPI: setting ELCR to 0200 (from 0e00)
Jan 16 23:50:29 Camilli-VirtualBox kernel: [    0.027540] Security Framework initialized
Jan 16 23:50:29 Camilli-VirtualBox kernel: [    0.027541] Yama: becoming mindful.
Jan 16 23:50:29 Camilli-VirtualBox kernel: [    0.027551] AppArmor: AppArmor initialized
Jan 16 23:50:29 Camilli-VirtualBox kernel: [    0.027574] Mount-cache hash table entries: 2048 (order: 1, 8192 bytes)
Jan 16 23:50:29 Camilli-VirtualBox kernel: [    0.027575] Mountpoint-cache hash table entries: 2048 (order: 1, 8192 bytes)
Jan 16 23:50:29 Camilli-VirtualBox kernel: [    0.027693] Initializing cgroup subsys io
Jan 16 23:50:29 Camilli-VirtualBox kernel: [    0.027695] Initializing cgroup subsys memory
Jan 16 23:50:29 Camilli-VirtualBox kernel: [    0.027709] Initializing cgroup subsys devices
Jan 16 23:50:29 Camilli-VirtualBox kernel: [    0.027710] Initializing cgroup subsys freezer
Jan 16 23:50:29 Camilli-VirtualBox kernel: [    0.027721] Initializing cgroup subsys net_cls
Jan 16 23:50:29 Camilli-VirtualBox kernel: [    0.027722] Initializing cgroup subsys perf_event
Jan 16 23:50:29 Camilli-VirtualBox kernel: [    0.027724] Initializing cgroup subsys net_prio
Jan 16 23:50:29 Camilli-VirtualBox kernel: [    0.027734] Initializing cgroup subsys hugetlb
Jan 16 23:50:29 Camilli-VirtualBox kernel: [    0.027735] Initializing cgroup subsys pids
Jan 16 23:50:29 Camilli-VirtualBox kernel: [    0.027804] CPU: Physical Processor ID: 0
Jan 16 23:50:29 Camilli-VirtualBox kernel: [    0.029674] mce: CPU supports 0 MCE banks
Jan 16 23:50:29 Camilli-VirtualBox kernel: [    0.029691] process: using mwait in idle threads
Jan 16 23:50:29 Camilli-VirtualBox kernel: [    0.029709] Last level iTLB entries: 4KB 64, 2MB 8, 4MB 8
Jan 16 23:50:29 Camilli-VirtualBox kernel: [    0.029710] Last level dTLB entries: 4KB 64, 2MB 0, 4MB 0, 1GB 4
Jan 16 23:50:29 Camilli-VirtualBox kernel: [    0.043364] Freeing SMP alternatives memory: 28K (c1c73000 - c1c7a000)
Jan 16 23:50:29 Camilli-VirtualBox kernel: [    0.050063] ftrace: allocating 31272 entries in 62 pages
Jan 16 23:50:29 Camilli-VirtualBox kernel: [    0.084444] smpboot: Max logical packages: 1
Jan 16 23:50:29 Camilli-VirtualBox kernel: [    0.084463] smpboot: weird, boot CPU (#0) not listed by the BIOS
Jan 16 23:50:29 Camilli-VirtualBox kernel: [    0.084468] smpboot: SMP motherboard not detected
Jan 16 23:50:29 Camilli-VirtualBox kernel: [    0.084469] smpboot: SMP disabled
Jan 16 23:50:29 Camilli-VirtualBox kernel: [    0.084470] Enabling APIC mode:  Flat.  Using 0 I/O APICs
Jan 16 23:50:29 Camilli-VirtualBox kernel: [    0.190410] Performance Events: unsupported p6 CPU model 61 no PMU driver, software events only.
Jan 16 23:50:29 Camilli-VirtualBox kernel: [    0.190437] KVM setup paravirtual spinlock
Jan 16 23:50:29 Camilli-VirtualBox kernel: [    0.190987] x86: Booted up 1 node, 1 CPUs
Jan 16 23:50:29 Camilli-VirtualBox kernel: [    0.190989] smpboot: Total of 1 processors activated (5188.00 BogoMIPS)
Jan 16 23:50:29 Camilli-VirtualBox kernel: [    0.191054] devtmpfs: initialized
Jan 16 23:50:29 Camilli-VirtualBox kernel: [    0.191189] evm: security.selinux
Jan 16 23:50:29 Camilli-VirtualBox kernel: [    0.191190] evm: security.SMACK64
Jan 16 23:50:29 Camilli-VirtualBox kernel: [    0.191191] evm: security.SMACK64EXEC
Jan 16 23:50:29 Camilli-VirtualBox kernel: [    0.191191] evm: security.SMACK64TRANSMUTE
Jan 16 23:50:29 Camilli-VirtualBox kernel: [    0.191192] evm: security.SMACK64MMAP
Jan 16 23:50:29 Camilli-VirtualBox kernel: [    0.191193] evm: security.ima
Jan 16 23:50:29 Camilli-VirtualBox kernel: [    0.191193] evm: security.capability
Jan 16 23:50:29 Camilli-VirtualBox kernel: [    0.191293] clocksource: jiffies: mask: 0xffffffff max_cycles: 0xffffffff, max_idle_ns: 7645041785100000 ns
Jan 16 23:50:29 Camilli-VirtualBox kernel: [    0.191373] pinctrl core: initialized pinctrl subsystem
Jan 16 23:50:29 Camilli-VirtualBox kernel: [    0.191449] RTC time:  4:50:19, date: 01/17/17
Jan 16 23:50:29 Camilli-VirtualBox kernel: [    0.191538] NET: Registered protocol family 16
Jan 16 23:50:29 Camilli-VirtualBox kernel: [    0.191658] EISA bus registered
Jan 16 23:50:29 Camilli-VirtualBox kernel: [    0.191661] cpuidle: using governor ladder
Jan 16 23:50:29 Camilli-VirtualBox kernel: [    0.191663] cpuidle: using governor menu
Jan 16 23:50:29 Camilli-VirtualBox kernel: [    0.191665] PCCT header not found.
Jan 16 23:50:29 Camilli-VirtualBox kernel: [    0.191732] ACPI: bus type PCI registered
Jan 16 23:50:29 Camilli-VirtualBox kernel: [    0.191734] acpiphp: ACPI Hot Plug PCI Controller Driver version: 0.5
Jan 16 23:50:29 Camilli-VirtualBox kernel: [    0.191880] PCI : PCI BIOS area is rw and x. Use pci=nobios if you want it NX.
Jan 16 23:50:29 Camilli-VirtualBox kernel: [    0.191882] PCI: PCI BIOS revision 2.10 entry at 0xfda26, last bus=0
Jan 16 23:50:29 Camilli-VirtualBox kernel: [    0.191883] PCI: Using configuration type 1 for base access
Jan 16 23:50:29 Camilli-VirtualBox kernel: [    0.192784] ACPI: Added _OSI(Module Device)
Jan 16 23:50:29 Camilli-VirtualBox kernel: [    0.192786] ACPI: Added _OSI(Processor Device)
Jan 16 23:50:29 Camilli-VirtualBox kernel: [    0.192786] ACPI: Added _OSI(3.0 _SCP Extensions)
Jan 16 23:50:29 Camilli-VirtualBox kernel: [    0.192787] ACPI: Added _OSI(Processor Aggregator Device)
Jan 16 23:50:29 Camilli-VirtualBox kernel: [    0.193229] ACPI: Executed 1 blocks of module-level executable AML code
Jan 16 23:50:29 Camilli-VirtualBox kernel: [    0.194577] ACPI: Interpreter enabled
Jan 16 23:50:29 Camilli-VirtualBox kernel: [    0.194589] ACPI: (supports S0 S5)
Jan 16 23:50:29 Camilli-VirtualBox kernel: [    0.194591] ACPI: Using PIC for interrupt routing
Jan 16 23:50:29 Camilli-VirtualBox kernel: [    0.194688] PCI: Using host bridge windows from ACPI; if necessary, use "pci=nocrs" and report a bug
Jan 16 23:50:29 Camilli-VirtualBox kernel: [    0.197072] ACPI: PCI Root Bridge [PCI0] (domain 0000 [bus 00-ff])
Jan 16 23:50:29 Camilli-VirtualBox kernel: [    0.197076] acpi PNP0A03:00: _OSC: OS supports [ASPM ClockPM Segments MSI]
Jan 16 23:50:29 Camilli-VirtualBox kernel: [    0.197079] acpi PNP0A03:00: _OSC failed (AE_NOT_FOUND); disabling ASPM
Jan 16 23:50:29 Camilli-VirtualBox kernel: [    0.197081] acpi PNP0A03:00: fail to add MMCONFIG information, can't access extended PCI configuration space under this bridge.
Jan 16 23:50:29 Camilli-VirtualBox kernel: [    0.197247] PCI host bridge to bus 0000:00
Jan 16 23:50:29 Camilli-VirtualBox kernel: [    0.197250] pci_bus 0000:00: root bus resource [io  0x0000-0x0cf7 window]
Jan 16 23:50:29 Camilli-VirtualBox kernel: [    0.197251] pci_bus 0000:00: root bus resource [io  0x0d00-0xffff window]
Jan 16 23:50:29 Camilli-VirtualBox kernel: [    0.197252] pci_bus 0000:00: root bus resource [mem 0x000a0000-0x000bffff window]
Jan 16 23:50:29 Camilli-VirtualBox kernel: [    0.197253] pci_bus 0000:00: root bus resource [mem 0x40000000-0xffdfffff window]
Jan 16 23:50:29 Camilli-VirtualBox kernel: [    0.197255] pci_bus 0000:00: root bus resource [bus 00-ff]
Jan 16 23:50:29 Camilli-VirtualBox kernel: [    0.197282] pci 0000:00:00.0: [8086:1237] type 00 class 0x060000
Jan 16 23:50:29 Camilli-VirtualBox kernel: [    0.197627] pci 0000:00:01.0: [8086:7000] type 00 class 0x060100
Jan 16 23:50:29 Camilli-VirtualBox kernel: [    0.198058] pci 0000:00:01.1: [8086:7111] type 00 class 0x01018a
Jan 16 23:50:29 Camilli-VirtualBox kernel: [    0.198355] pci 0000:00:01.1: reg 0x20: [io  0xd000-0xd00f]
Jan 16 23:50:29 Camilli-VirtualBox kernel: [    0.198466] pci 0000:00:01.1: legacy IDE quirk: reg 0x10: [io  0x01f0-0x01f7]
Jan 16 23:50:29 Camilli-VirtualBox kernel: [    0.198467] pci 0000:00:01.1: legacy IDE quirk: reg 0x14: [io  0x03f6]
Jan 16 23:50:29 Camilli-VirtualBox kernel: [    0.198468] pci 0000:00:01.1: legacy IDE quirk: reg 0x18: [io  0x0170-0x0177]
Jan 16 23:50:29 Camilli-VirtualBox kernel: [    0.198469] pci 0000:00:01.1: legacy IDE quirk: reg 0x1c: [io  0x0376]
Jan 16 23:50:29 Camilli-VirtualBox kernel: [    0.198608] pci 0000:00:02.0: [80ee:beef] type 00 class 0x030000
Jan 16 23:50:29 Camilli-VirtualBox kernel: [    0.199453] pci 0000:00:02.0: reg 0x10: [mem 0xe0000000-0xe0ffffff pref]
Jan 16 23:50:29 Camilli-VirtualBox kernel: [    0.204238] pci 0000:00:03.0: [8086:100e] type 00 class 0x020000
Jan 16 23:50:29 Camilli-VirtualBox kernel: [    0.204771] pci 0000:00:03.0: reg 0x10: [mem 0xf0000000-0xf001ffff]
Jan 16 23:50:29 Camilli-VirtualBox kernel: [    0.205595] pci 0000:00:03.0: reg 0x18: [io  0xd010-0xd017]
Jan 16 23:50:29 Camilli-VirtualBox kernel: [    0.207461] pci 0000:00:04.0: [80ee:cafe] type 00 class 0x088000
Jan 16 23:50:29 Camilli-VirtualBox kernel: [    0.207898] pci 0000:00:04.0: reg 0x10: [io  0xd020-0xd03f]
Jan 16 23:50:29 Camilli-VirtualBox kernel: [    0.208294] pci 0000:00:04.0: reg 0x14: [mem 0xf0400000-0xf07fffff]
Jan 16 23:50:29 Camilli-VirtualBox kernel: [    0.208686] pci 0000:00:04.0: reg 0x18: [mem 0xf0800000-0xf0803fff pref]
Jan 16 23:50:29 Camilli-VirtualBox kernel: [    0.210433] pci 0000:00:05.0: [8086:2415] type 00 class 0x040100
Jan 16 23:50:29 Camilli-VirtualBox kernel: [    0.210510] pci 0000:00:05.0: reg 0x10: [io  0xd100-0xd1ff]
Jan 16 23:50:29 Camilli-VirtualBox kernel: [    0.210556] pci 0000:00:05.0: reg 0x14: [io  0xd200-0xd23f]
Jan 16 23:50:29 Camilli-VirtualBox kernel: [    0.210948] pci 0000:00:06.0: [106b:003f] type 00 class 0x0c0310
Jan 16 23:50:29 Camilli-VirtualBox kernel: [    0.211424] pci 0000:00:06.0: reg 0x10: [mem 0xf0804000-0xf0804fff]
Jan 16 23:50:29 Camilli-VirtualBox kernel: [    0.214151] pci 0000:00:07.0: [8086:7113] type 00 class 0x068000
Jan 16 23:50:29 Camilli-VirtualBox kernel: [    0.214515] pci 0000:00:07.0: quirk: [io  0x4000-0x403f] claimed by PIIX4 ACPI
Jan 16 23:50:29 Camilli-VirtualBox kernel: [    0.214523] pci 0000:00:07.0: quirk: [io  0x4100-0x410f] claimed by PIIX4 SMB
Jan 16 23:50:29 Camilli-VirtualBox kernel: [    0.214702] pci 0000:00:0b.0: [8086:265c] type 00 class 0x0c0320
Jan 16 23:50:29 Camilli-VirtualBox kernel: [    0.215147] pci 0000:00:0b.0: reg 0x10: [mem 0xf0805000-0xf0805fff]
Jan 16 23:50:29 Camilli-VirtualBox kernel: [    0.218083] pci 0000:00:0d.0: [8086:2829] type 00 class 0x010601
Jan 16 23:50:29 Camilli-VirtualBox kernel: [    0.218605] pci 0000:00:0d.0: reg 0x10: [io  0xd240-0xd247]
Jan 16 23:50:29 Camilli-VirtualBox kernel: [    0.219433] pci 0000:00:0d.0: reg 0x18: [io  0xd250-0xd257]
Jan 16 23:50:29 Camilli-VirtualBox kernel: [    0.220222] pci 0000:00:0d.0: reg 0x20: [io  0xd260-0xd26f]
Jan 16 23:50:29 Camilli-VirtualBox kernel: [    0.220635] pci 0000:00:0d.0: reg 0x24: [mem 0xf0806000-0xf0807fff]
Jan 16 23:50:29 Camilli-VirtualBox kernel: [    0.221281] pci_bus 0000:00: on NUMA node 0
Jan 16 23:50:29 Camilli-VirtualBox kernel: [    0.221941] ACPI: PCI Interrupt Link [LNKA] (IRQs 5 9 10 *11)
Jan 16 23:50:29 Camilli-VirtualBox kernel: [    0.222078] ACPI: PCI Interrupt Link [LNKB] (IRQs 5 9 10 *11)
Jan 16 23:50:29 Camilli-VirtualBox kernel: [    0.222131] ACPI: PCI Interrupt Link [LNKC] (IRQs 5 9 *10 11)
Jan 16 23:50:29 Camilli-VirtualBox kernel: [    0.222183] ACPI: PCI Interrupt Link [LNKD] (IRQs 5 *9 10 11)
Jan 16 23:50:29 Camilli-VirtualBox kernel: [    0.222263] ACPI: Enabled 2 GPEs in block 00 to 07
Jan 16 23:50:29 Camilli-VirtualBox kernel: [    0.222374] vgaarb: setting as boot device: PCI:0000:00:02.0
Jan 16 23:50:29 Camilli-VirtualBox kernel: [    0.222376] vgaarb: device added: PCI:0000:00:02.0,decodes=io+mem,owns=io+mem,locks=none
Jan 16 23:50:29 Camilli-VirtualBox kernel: [    0.222377] vgaarb: loaded
Jan 16 23:50:29 Camilli-VirtualBox kernel: [    0.222378] vgaarb: bridge control possible 0000:00:02.0
Jan 16 23:50:29 Camilli-VirtualBox kernel: [    0.222577] SCSI subsystem initialized
Jan 16 23:50:29 Camilli-VirtualBox kernel: [    0.222604] libata version 3.00 loaded.
Jan 16 23:50:29 Camilli-VirtualBox kernel: [    0.222619] ACPI: bus type USB registered
Jan 16 23:50:29 Camilli-VirtualBox kernel: [    0.222630] usbcore: registered new interface driver usbfs
Jan 16 23:50:29 Camilli-VirtualBox kernel: [    0.222636] usbcore: registered new interface driver hub
Jan 16 23:50:29 Camilli-VirtualBox systemd[1]: Starting Avahi mDNS/DNS-SD Stack...
Jan 16 23:50:29 Camilli-VirtualBox avahi-daemon[809]: Found user 'avahi' (UID 111) and group 'avahi' (GID 120).
Jan 16 23:50:29 Camilli-VirtualBox avahi-daemon[809]: Successfully dropped root privileges.
Jan 16 23:50:29 Camilli-VirtualBox avahi-daemon[809]: avahi-daemon 0.6.32-rc starting up.
Jan 16 23:50:29 Camilli-VirtualBox systemd[1]: Started D-Bus System Message Bus.
Jan 16 23:50:29 Camilli-VirtualBox kernel: [    0.222643] usbcore: registered new device driver usb
Jan 16 23:50:29 Camilli-VirtualBox kernel: [    0.222736] PCI: Using ACPI for IRQ routing
Jan 16 23:50:29 Camilli-VirtualBox kernel: [    0.222738] PCI: pci_cache_line_size set to 64 bytes
Jan 16 23:50:29 Camilli-VirtualBox kernel: [    0.222937] e820: reserve RAM buffer [mem 0x0009fc00-0x0009ffff]
Jan 16 23:50:29 Camilli-VirtualBox kernel: [    0.222939] e820: reserve RAM buffer [mem 0x3fff0000-0x3fffffff]
Jan 16 23:50:29 Camilli-VirtualBox kernel: [    0.223035] NetLabel: Initializing
Jan 16 23:50:29 Camilli-VirtualBox kernel: [    0.223036] NetLabel:  domain hash size = 128
Jan 16 23:50:29 Camilli-VirtualBox kernel: [    0.223037] NetLabel:  protocols = UNLABELED CIPSOv4
Jan 16 23:50:29 Camilli-VirtualBox kernel: [    0.223044] NetLabel:  unlabeled traffic allowed by default
Jan 16 23:50:29 Camilli-VirtualBox kernel: [    0.223123] amd_nb: Cannot enumerate AMD northbridges
Jan 16 23:50:29 Camilli-VirtualBox kernel: [    0.223131] clocksource: Switched to clocksource kvm-clock
Jan 16 23:50:29 Camilli-VirtualBox kernel: [    0.228364] AppArmor: AppArmor Filesystem Enabled
Jan 16 23:50:29 Camilli-VirtualBox kernel: [    0.228402] pnp: PnP ACPI init
Jan 16 23:50:29 Camilli-VirtualBox kernel: [    0.228444] pnp 00:00: Plug and Play ACPI device, IDs PNP0303 (active)
Jan 16 23:50:29 Camilli-VirtualBox kernel: [    0.228487] pnp 00:01: Plug and Play ACPI device, IDs PNP0f03 (active)
Jan 16 23:50:29 Camilli-VirtualBox kernel: [    0.228859] pnp: PnP ACPI: found 2 devices
Jan 16 23:50:29 Camilli-VirtualBox kernel: [    0.228873] PnPBIOS: Disabled by ACPI PNP
Jan 16 23:50:29 Camilli-VirtualBox kernel: [    0.264390] clocksource: acpi_pm: mask: 0xffffff max_cycles: 0xffffff, max_idle_ns: 2085701024 ns
Jan 16 23:50:29 Camilli-VirtualBox kernel: [    0.264402] pci_bus 0000:00: resource 4 [io  0x0000-0x0cf7 window]
Jan 16 23:50:29 Camilli-VirtualBox kernel: [    0.264404] pci_bus 0000:00: resource 5 [io  0x0d00-0xffff window]
Jan 16 23:50:29 Camilli-VirtualBox kernel: [    0.264405] pci_bus 0000:00: resource 6 [mem 0x000a0000-0x000bffff window]
Jan 16 23:50:29 Camilli-VirtualBox kernel: [    0.264406] pci_bus 0000:00: resource 7 [mem 0x40000000-0xffdfffff window]
Jan 16 23:50:29 Camilli-VirtualBox kernel: [    0.264430] NET: Registered protocol family 2
Jan 16 23:50:29 Camilli-VirtualBox kernel: [    0.264546] TCP established hash table entries: 8192 (order: 3, 32768 bytes)
Jan 16 23:50:29 Camilli-VirtualBox kernel: [    0.264553] TCP bind hash table entries: 8192 (order: 4, 65536 bytes)
Jan 16 23:50:29 Camilli-VirtualBox kernel: [    0.264561] TCP: Hash tables configured (established 8192 bind 8192)
Jan 16 23:50:29 Camilli-VirtualBox kernel: [    0.264572] UDP hash table entries: 512 (order: 2, 16384 bytes)
Jan 16 23:50:29 Camilli-VirtualBox kernel: [    0.264575] UDP-Lite hash table entries: 512 (order: 2, 16384 bytes)
Jan 16 23:50:29 Camilli-VirtualBox kernel: [    0.264598] NET: Registered protocol family 1
Jan 16 23:50:29 Camilli-VirtualBox kernel: [    0.264608] pci 0000:00:00.0: Limiting direct PCI/PCI transfers
Jan 16 23:50:29 Camilli-VirtualBox kernel: [    0.264628] pci 0000:00:01.0: Activating ISA DMA hang workarounds
Jan 16 23:50:29 Camilli-VirtualBox kernel: [    0.264648] pci 0000:00:02.0: Video device with shadowed ROM
Jan 16 23:50:29 Camilli-VirtualBox kernel: [    0.265160] ACPI: PCI Interrupt Link [LNKB] enabled at IRQ 11
Jan 16 23:50:29 Camilli-VirtualBox kernel: [    0.265161] PCI: setting IRQ 11 as level-triggered
Jan 16 23:50:29 Camilli-VirtualBox kernel: [    0.266238] ACPI: PCI Interrupt Link [LNKC] enabled at IRQ 10
Jan 16 23:50:29 Camilli-VirtualBox kernel: [    0.266240] PCI: setting IRQ 10 as level-triggered
Jan 16 23:50:29 Camilli-VirtualBox kernel: [    0.266574] PCI: CLS 64 bytes, default 64
Jan 16 23:50:29 Camilli-VirtualBox kernel: [    0.266617] Trying to unpack rootfs image as initramfs...
Jan 16 23:50:29 Camilli-VirtualBox kernel: [    0.755022] Freeing initrd memory: 37440K (f36d0000 - f5b60000)
Jan 16 23:50:29 Camilli-VirtualBox kernel: [    0.755094] RAPL PMU detected, API unit is 2^-32 Joules, 4 fixed counters 10737418240 ms ovfl timer
Jan 16 23:50:29 Camilli-VirtualBox kernel: [    0.755095] hw unit of domain pp0-core 2^-0 Joules
Jan 16 23:50:29 Camilli-VirtualBox kernel: [    0.755096] hw unit of domain package 2^-0 Joules
Jan 16 23:50:29 Camilli-VirtualBox kernel: [    0.755097] hw unit of domain dram 2^-0 Joules
Jan 16 23:50:29 Camilli-VirtualBox kernel: [    0.755097] hw unit of domain pp1-gpu 2^-0 Joules
Jan 16 23:50:29 Camilli-VirtualBox kernel: [    0.755142] platform rtc_cmos: registered platform RTC device (no PNP device found)
Jan 16 23:50:29 Camilli-VirtualBox kernel: [    0.755165] Scanning for low memory corruption every 60 seconds
Jan 16 23:50:29 Camilli-VirtualBox kernel: [    0.755422] futex hash table entries: 256 (order: 2, 16384 bytes)
Jan 16 23:50:29 Camilli-VirtualBox kernel: [    0.755439] audit: initializing netlink subsys (disabled)
Jan 16 23:50:29 Camilli-VirtualBox kernel: [    0.755450] audit: type=2000 audit(1484667201.771:1): initialized
Jan 16 23:50:29 Camilli-VirtualBox kernel: [    0.755649] Initialise system trusted keyring
Jan 16 23:50:29 Camilli-VirtualBox kernel: [    0.755712] HugeTLB registered 2 MB page size, pre-allocated 0 pages
Jan 16 23:50:29 Camilli-VirtualBox kernel: [    0.756662] zbud: loaded
Jan 16 23:50:29 Camilli-VirtualBox kernel: [    0.756719] VFS: Disk quotas dquot_6.6.0
Jan 16 23:50:29 Camilli-VirtualBox kernel: [    0.756741] VFS: Dquot-cache hash table entries: 1024 (order 0, 4096 bytes)
Jan 16 23:50:29 Camilli-VirtualBox kernel: [    0.756912] squashfs: version 4.0 (2009/01/31) Phillip Lougher
Jan 16 23:50:29 Camilli-VirtualBox kernel: [    0.757048] fuse init (API version 7.23)
Jan 16 23:50:29 Camilli-VirtualBox kernel: [    0.757139] Key type big_key registered
Jan 16 23:50:29 Camilli-VirtualBox kernel: [    0.757158] Allocating IMA MOK and blacklist keyrings.
Jan 16 23:50:29 Camilli-VirtualBox kernel: [    0.757315] Key type asymmetric registered
Jan 16 23:50:29 Camilli-VirtualBox kernel: [    0.757317] Asymmetric key parser 'x509' registered
Jan 16 23:50:29 Camilli-VirtualBox kernel: [    0.757327] bounce: pool size: 64 pages
Jan 16 23:50:29 Camilli-VirtualBox kernel: [    0.757348] Block layer SCSI generic (bsg) driver version 0.4 loaded (major 249)
Jan 16 23:50:29 Camilli-VirtualBox kernel: [    0.757361] io scheduler noop registered
Jan 16 23:50:29 Camilli-VirtualBox kernel: [    0.757363] io scheduler deadline registered (default)
Jan 16 23:50:29 Camilli-VirtualBox kernel: [    0.757381] io scheduler cfq registered
Jan 16 23:50:29 Camilli-VirtualBox kernel: [    0.757450] pci_hotplug: PCI Hot Plug PCI Core version: 0.5
Jan 16 23:50:29 Camilli-VirtualBox kernel: [    0.757455] pciehp: PCI Express Hot Plug Controller Driver version: 0.4
Jan 16 23:50:29 Camilli-VirtualBox kernel: [    0.757553] ACPI: AC Adapter [AC] (on-line)
Jan 16 23:50:29 Camilli-VirtualBox kernel: [    0.757591] input: Power Button as /devices/LNXSYSTM:00/LNXPWRBN:00/input/input0
Jan 16 23:50:29 Camilli-VirtualBox kernel: [    0.757594] ACPI: Power Button [PWRF]
Jan 16 23:50:29 Camilli-VirtualBox kernel: [    0.757640] input: Sleep Button as /devices/LNXSYSTM:00/LNXSLPBN:00/input/input1
Jan 16 23:50:29 Camilli-VirtualBox kernel: [    0.757642] ACPI: Sleep Button [SLPF]
Jan 16 23:50:29 Camilli-VirtualBox kernel: [    0.757705] GHES: HEST is not enabled!
Jan 16 23:50:29 Camilli-VirtualBox kernel: [    0.758182] ACPI: Battery Slot [BAT0] (battery present)
Jan 16 23:50:29 Camilli-VirtualBox kernel: [    0.758199] isapnp: Scanning for PnP cards...
Jan 16 23:50:29 Camilli-VirtualBox kernel: [    0.763744] Serial: 8250/16550 driver, 32 ports, IRQ sharing enabled
Jan 16 23:50:29 Camilli-VirtualBox kernel: [    0.764618] Linux agpgart interface v0.103
Jan 16 23:50:29 Camilli-VirtualBox kernel: [    0.809749] brd: module loaded
Jan 16 23:50:29 Camilli-VirtualBox kernel: [    0.810378] loop: module loaded
Jan 16 23:50:29 Camilli-VirtualBox kernel: [    0.810481] ata_piix 0000:00:01.1: version 2.13
Jan 16 23:50:29 Camilli-VirtualBox kernel: [    0.810705] scsi host0: ata_piix
Jan 16 23:50:29 Camilli-VirtualBox kernel: [    0.810746] scsi host1: ata_piix
Jan 16 23:50:29 Camilli-VirtualBox kernel: [    0.810769] ata1: PATA max UDMA/33 cmd 0x1f0 ctl 0x3f6 bmdma 0xd000 irq 14
Jan 16 23:50:29 Camilli-VirtualBox kernel: [    0.810770] ata2: PATA max UDMA/33 cmd 0x170 ctl 0x376 bmdma 0xd008 irq 15
Jan 16 23:50:29 Camilli-VirtualBox kernel: [    0.810851] libphy: Fixed MDIO Bus: probed
Jan 16 23:50:29 Camilli-VirtualBox kernel: [    0.810853] tun: Universal TUN/TAP device driver, 1.6
Jan 16 23:50:29 Camilli-VirtualBox kernel: [    0.810854] tun: (C) 1999-2004 Max Krasnyansky <maxk@qualcomm.com>
Jan 16 23:50:29 Camilli-VirtualBox kernel: [    0.811108] PPP generic driver version 2.4.2
Jan 16 23:50:29 Camilli-VirtualBox kernel: [    0.811158] ehci_hcd: USB 2.0 'Enhanced' Host Controller (EHCI) Driver
Jan 16 23:50:29 Camilli-VirtualBox kernel: [    0.811161] ehci-pci: EHCI PCI platform driver
Jan 16 23:50:29 Camilli-VirtualBox kernel: [    0.811560] ehci-pci 0000:00:0b.0: EHCI Host Controller
Jan 16 23:50:29 Camilli-VirtualBox kernel: [    0.811565] ehci-pci 0000:00:0b.0: new USB bus registered, assigned bus number 1
Jan 16 23:50:29 Camilli-VirtualBox kernel: [    0.811660] ehci-pci 0000:00:0b.0: irq 10, io mem 0xf0805000
Jan 16 23:50:29 Camilli-VirtualBox kernel: [    0.855482] ehci-pci 0000:00:0b.0: USB 2.0 started, EHCI 1.00
Jan 16 23:50:29 Camilli-VirtualBox kernel: [    0.855521] usb usb1: New USB device found, idVendor=1d6b, idProduct=0002
Jan 16 23:50:29 Camilli-VirtualBox kernel: [    0.855523] usb usb1: New USB device strings: Mfr=3, Product=2, SerialNumber=1
Jan 16 23:50:29 Camilli-VirtualBox kernel: [    0.855524] usb usb1: Product: EHCI Host Controller
Jan 16 23:50:29 Camilli-VirtualBox kernel: [    0.855525] usb usb1: Manufacturer: Linux 4.4.35aocamilli ehci_hcd
Jan 16 23:50:29 Camilli-VirtualBox kernel: [    0.855526] usb usb1: SerialNumber: 0000:00:0b.0
Jan 16 23:50:29 Camilli-VirtualBox kernel: [    0.855609] hub 1-0:1.0: USB hub found
Jan 16 23:50:29 Camilli-VirtualBox kernel: [    0.855614] hub 1-0:1.0: 12 ports detected
Jan 16 23:50:29 Camilli-VirtualBox kernel: [    0.855779] ehci-platform: EHCI generic platform driver
Jan 16 23:50:29 Camilli-VirtualBox kernel: [    0.855789] ohci_hcd: USB 1.1 'Open' Host Controller (OHCI) Driver
Jan 16 23:50:29 Camilli-VirtualBox kernel: [    0.855794] ohci-pci: OHCI PCI platform driver
Jan 16 23:50:29 Camilli-VirtualBox kernel: [    0.856172] ohci-pci 0000:00:06.0: OHCI PCI host controller
Jan 16 23:50:29 Camilli-VirtualBox kernel: [    0.856177] ohci-pci 0000:00:06.0: new USB bus registered, assigned bus number 2
Jan 16 23:50:29 Camilli-VirtualBox kernel: [    0.856201] ohci-pci 0000:00:06.0: irq 11, io mem 0xf0804000
Jan 16 23:50:29 Camilli-VirtualBox kernel: [    0.943759] usb usb2: New USB device found, idVendor=1d6b, idProduct=0001
Jan 16 23:50:29 Camilli-VirtualBox kernel: [    0.943761] usb usb2: New USB device strings: Mfr=3, Product=2, SerialNumber=1
Jan 16 23:50:29 Camilli-VirtualBox kernel: [    0.943763] usb usb2: Product: OHCI PCI host controller
Jan 16 23:50:29 Camilli-VirtualBox kernel: [    0.943764] usb usb2: Manufacturer: Linux 4.4.35aocamilli ohci_hcd
Jan 16 23:50:29 Camilli-VirtualBox kernel: [    0.943765] usb usb2: SerialNumber: 0000:00:06.0
Jan 16 23:50:29 Camilli-VirtualBox kernel: [    0.943853] hub 2-0:1.0: USB hub found
Jan 16 23:50:29 Camilli-VirtualBox kernel: [    0.943863] hub 2-0:1.0: 12 ports detected
Jan 16 23:50:29 Camilli-VirtualBox kernel: [    0.944140] ohci-platform: OHCI generic platform driver
Jan 16 23:50:29 Camilli-VirtualBox kernel: [    0.944149] uhci_hcd: USB Universal Host Controller Interface driver
Jan 16 23:50:29 Camilli-VirtualBox kernel: [    0.944190] i8042: PNP: PS/2 Controller [PNP0303:PS2K,PNP0f03:PS2M] at 0x60,0x64 irq 1,12
Jan 16 23:50:29 Camilli-VirtualBox kernel: [    0.944518] serio: i8042 KBD port at 0x60,0x64 irq 1
Jan 16 23:50:29 Camilli-VirtualBox kernel: [    0.944521] serio: i8042 AUX port at 0x60,0x64 irq 12
Jan 16 23:50:29 Camilli-VirtualBox kernel: [    0.944593] mousedev: PS/2 mouse device common for all mice
Jan 16 23:50:29 Camilli-VirtualBox kernel: [    0.944837] input: AT Translated Set 2 keyboard as /devices/platform/i8042/serio0/input/input2
Jan 16 23:50:29 Camilli-VirtualBox kernel: [    0.945119] rtc_cmos rtc_cmos: rtc core: registered rtc_cmos as rtc0
Jan 16 23:50:29 Camilli-VirtualBox kernel: [    0.945138] rtc_cmos rtc_cmos: alarms up to one day, 114 bytes nvram
Jan 16 23:50:29 Camilli-VirtualBox kernel: [    0.945142] i2c /dev entries driver
Jan 16 23:50:29 Camilli-VirtualBox kernel: [    0.945176] device-mapper: uevent: version 1.0.3
Jan 16 23:50:29 Camilli-VirtualBox kernel: [    0.945214] device-mapper: ioctl: 4.34.0-ioctl (2015-10-28) initialised: dm-devel@redhat.com
Jan 16 23:50:29 Camilli-VirtualBox kernel: [    0.945228] platform eisa.0: Probing EISA bus 0
Jan 16 23:50:29 Camilli-VirtualBox kernel: [    0.945230] platform eisa.0: EISA: Cannot allocate resource for mainboard
Jan 16 23:50:29 Camilli-VirtualBox kernel: [    0.945231] platform eisa.0: Cannot allocate resource for EISA slot 1
Jan 16 23:50:29 Camilli-VirtualBox kernel: [    0.945232] platform eisa.0: Cannot allocate resource for EISA slot 2
Jan 16 23:50:29 Camilli-VirtualBox kernel: [    0.945233] platform eisa.0: Cannot allocate resource for EISA slot 3
Jan 16 23:50:29 Camilli-VirtualBox kernel: [    0.945234] platform eisa.0: Cannot allocate resource for EISA slot 4
Jan 16 23:50:29 Camilli-VirtualBox kernel: [    0.945235] platform eisa.0: Cannot allocate resource for EISA slot 5
Jan 16 23:50:29 Camilli-VirtualBox kernel: [    0.945236] platform eisa.0: Cannot allocate resource for EISA slot 6
Jan 16 23:50:29 Camilli-VirtualBox kernel: [    0.945237] platform eisa.0: Cannot allocate resource for EISA slot 7
Jan 16 23:50:29 Camilli-VirtualBox kernel: [    0.945238] platform eisa.0: Cannot allocate resource for EISA slot 8
Jan 16 23:50:29 Camilli-VirtualBox kernel: [    0.945239] platform eisa.0: EISA: Detected 0 cards
Jan 16 23:50:29 Camilli-VirtualBox kernel: [    0.945252] cpufreq-nforce2: No nForce2 chipset.
Jan 16 23:50:29 Camilli-VirtualBox kernel: [    0.945258] ledtrig-cpu: registered to indicate activity on CPUs
Jan 16 23:50:29 Camilli-VirtualBox kernel: [    0.945452] NET: Registered protocol family 10
Jan 16 23:50:29 Camilli-VirtualBox kernel: [    0.945582] NET: Registered protocol family 17
Jan 16 23:50:29 Camilli-VirtualBox kernel: [    0.945592] Key type dns_resolver registered
Jan 16 23:50:29 Camilli-VirtualBox kernel: [    0.945700] microcode: CPU0 sig=0x306d4, pf=0x40, revision=0x0
Jan 16 23:50:29 Camilli-VirtualBox kernel: [    0.945717] microcode: Microcode Update Driver: v2.01 <tigran@aivazian.fsnet.co.uk>, Peter Oruba
Jan 16 23:50:29 Camilli-VirtualBox kernel: [    0.945725] Using IPI No-Shortcut mode
Jan 16 23:50:29 Camilli-VirtualBox kernel: [    0.945802] registered taskstats version 1
Jan 16 23:50:29 Camilli-VirtualBox kernel: [    0.945811] Loading compiled-in X.509 certificates
Jan 16 23:50:29 Camilli-VirtualBox kernel: [    0.947840] Loaded X.509 cert 'Build time autogenerated kernel key: b8d7032ac6dbe855662257581fa7e64e0d622276'
Jan 16 23:50:29 Camilli-VirtualBox kernel: [    0.947857] zswap: loaded using pool lzo/zbud
Jan 16 23:50:29 Camilli-VirtualBox kernel: [    0.949771] Key type trusted registered
Jan 16 23:50:29 Camilli-VirtualBox kernel: [    0.952589] Key type encrypted registered
Jan 16 23:50:29 Camilli-VirtualBox kernel: [    0.952596] AppArmor: AppArmor sha1 policy hashing enabled
Jan 16 23:50:29 Camilli-VirtualBox kernel: [    0.952600] ima: No TPM chip found, activating TPM-bypass!
Jan 16 23:50:29 Camilli-VirtualBox kernel: [    0.952615] evm: HMAC attrs: 0x1
Jan 16 23:50:29 Camilli-VirtualBox kernel: [    0.952828]   Magic number: 1:455:818
Jan 16 23:50:29 Camilli-VirtualBox kernel: [    0.952901] rtc_cmos rtc_cmos: setting system clock to 2017-01-17 04:50:19 UTC (1484628619)
Jan 16 23:50:29 Camilli-VirtualBox kernel: [    0.952949] BIOS EDD facility v0.16 2004-Jun-25, 0 devices found
Jan 16 23:50:29 Camilli-VirtualBox kernel: [    0.952950] EDD information not available.
Jan 16 23:50:29 Camilli-VirtualBox kernel: [    0.952984] PM: Hibernation image not present or could not be loaded.
Jan 16 23:50:29 Camilli-VirtualBox kernel: [    0.997168] ata2.00: ATAPI: VBOX CD-ROM, 1.0, max UDMA/133
Jan 16 23:50:29 Camilli-VirtualBox kernel: [    0.997456] ata2.00: configured for UDMA/33
Jan 16 23:50:29 Camilli-VirtualBox kernel: [    1.129619] isapnp: No Plug & Play device found
Jan 16 23:50:29 Camilli-VirtualBox kernel: [    1.129898] scsi 1:0:0:0: CD-ROM            VBOX     CD-ROM           1.0  PQ: 0 ANSI: 5
Jan 16 23:50:29 Camilli-VirtualBox kernel: [    1.136364] sr 1:0:0:0: [sr0] scsi3-mmc drive: 32x/32x xa/form2 tray
Jan 16 23:50:29 Camilli-VirtualBox kernel: [    1.136367] cdrom: Uniform CD-ROM driver Revision: 3.20
Jan 16 23:50:29 Camilli-VirtualBox kernel: [    1.136459] sr 1:0:0:0: Attached scsi CD-ROM sr0
Jan 16 23:50:29 Camilli-VirtualBox kernel: [    1.136500] sr 1:0:0:0: Attached scsi generic sg0 type 5
Jan 16 23:50:29 Camilli-VirtualBox kernel: [    1.136761] Freeing unused kernel memory: 944K (c1b87000 - c1c73000)
Jan 16 23:50:29 Camilli-VirtualBox kernel: [    1.136810] Write protecting the kernel text: 7912k
Jan 16 23:50:29 Camilli-VirtualBox kernel: [    1.136831] Write protecting the kernel read-only data: 3116k
Jan 16 23:50:29 Camilli-VirtualBox kernel: [    1.136832] NX-protecting the kernel data: 6424k
Jan 16 23:50:29 Camilli-VirtualBox kernel: [    1.143939] random: udevadm: uninitialized urandom read (16 bytes read, 0 bits of entropy available)
Jan 16 23:50:29 Camilli-VirtualBox kernel: [    1.143980] random: udevadm: uninitialized urandom read (16 bytes read, 0 bits of entropy available)
Jan 16 23:50:29 Camilli-VirtualBox kernel: [    1.144042] random: udevadm: uninitialized urandom read (16 bytes read, 0 bits of entropy available)
Jan 16 23:50:29 Camilli-VirtualBox kernel: [    1.144083] random: udevadm: uninitialized urandom read (16 bytes read, 0 bits of entropy available)
